2026-01-28 22:57:01 | INFO | Starting Bayesian Optimization
2026-01-28 22:57:01 | INFO | Bounds: [(-2.0, 2.0), (-2.0, 2.0), (-2.0, 2.0)]
2026-01-28 22:57:01 | INFO | BOConfig: BOConfig(n_init=10, n_iter=30, random_state=1234, export_every=None, init_sampling='uniform')
2026-01-28 22:57:01 | INFO | GPConfig: GPConfig(l_c=0.3, sigma_f=1.0, sigma_y=0.1, jitter=1e-10, optimize_hyperparams=False, hpo_every=1, theta0_log=None, theta_bounds_log=None)
2026-01-28 22:57:01 | INFO | AcqConfig: AcqConfig(kind='EI', xi=0.01, kappa=2.0, maximize=False)
2026-01-28 22:57:01 | INFO | OptimConfig: OptimConfig(method='random', global_method='random', optimizer='L-BFGS-B', n_raw_samples=2000, grid_n_per_dim=20, n_restarts=10, local_maxiter=200)
2026-01-28 22:57:01 | INFO | Random seed: 1234
2026-01-28 22:57:01 | INFO | it=000 | x_next=[1.53310505 1.33590983 0.99283296] | y_next=-2.232049e-01 | best_y=-6.965512e-01 | l_c=3.000e-01 | sigma_f=1.000e+00 | sigma_y=1.000e-01
2026-01-28 22:57:01 | INFO | it=001 | x_next=[1.69110322 1.45157257 0.46254579] | y_next=-4.361233e-01 | best_y=-6.965512e-01 | l_c=3.000e-01 | sigma_f=1.000e+00 | sigma_y=1.000e-01
2026-01-28 22:57:01 | INFO | it=002 | x_next=[1.48828917 1.76569395 0.64709177] | y_next=-1.346335e+00 | best_y=-6.965512e-01 | l_c=3.000e-01 | sigma_f=1.000e+00 | sigma_y=1.000e-01
2026-01-28 22:57:01 | INFO | it=003 | x_next=[1.14283146 1.88294249 0.66997115] | y_next=-6.400907e-01 | best_y=-1.346335e+00 | l_c=3.000e-01 | sigma_f=1.000e+00 | sigma_y=1.000e-01
2026-01-28 22:57:01 | INFO | it=004 | x_next=[1.42876194 1.77785364 0.88298536] | y_next=-1.418879e+00 | best_y=-1.346335e+00 | l_c=3.000e-01 | sigma_f=1.000e+00 | sigma_y=1.000e-01
2026-01-28 22:57:01 | INFO | it=005 | x_next=[1.59372814 1.82934778 1.01570108] | y_next=-1.279068e+00 | best_y=-1.418879e+00 | l_c=3.000e-01 | sigma_f=1.000e+00 | sigma_y=1.000e-01
2026-01-28 22:57:01 | INFO | it=006 | x_next=[1.71012442 1.95352246 0.75168494] | y_next=-1.421835e+00 | best_y=-1.418879e+00 | l_c=3.000e-01 | sigma_f=1.000e+00 | sigma_y=1.000e-01
2026-01-28 22:57:01 | INFO | it=007 | x_next=[1.59715503 1.69422103 0.79850002] | y_next=-1.086366e+00 | best_y=-1.421835e+00 | l_c=3.000e-01 | sigma_f=1.000e+00 | sigma_y=1.000e-01
2026-01-28 22:57:01 | INFO | it=008 | x_next=[1.6250707  1.96197894 0.80902074] | y_next=-1.206662e+00 | best_y=-1.421835e+00 | l_c=3.000e-01 | sigma_f=1.000e+00 | sigma_y=1.000e-01
2026-01-28 22:57:01 | INFO | it=009 | x_next=[1.29357085 1.90273252 1.15667731] | y_next=-7.949429e-01 | best_y=-1.421835e+00 | l_c=3.000e-01 | sigma_f=1.000e+00 | sigma_y=1.000e-01
2026-01-28 22:57:01 | INFO | it=010 | x_next=[1.71215277 1.74760787 0.17974715] | y_next=-1.174057e+00 | best_y=-1.421835e+00 | l_c=3.000e-01 | sigma_f=1.000e+00 | sigma_y=1.000e-01
2026-01-28 22:57:01 | INFO | it=011 | x_next=[1.83751433 1.80278254 0.50177151] | y_next=-1.195055e+00 | best_y=-1.421835e+00 | l_c=3.000e-01 | sigma_f=1.000e+00 | sigma_y=1.000e-01
2026-01-28 22:57:01 | INFO | it=012 | x_next=[1.48662712 1.75687457 0.31828652] | y_next=-1.350590e+00 | best_y=-1.421835e+00 | l_c=3.000e-01 | sigma_f=1.000e+00 | sigma_y=1.000e-01
2026-01-28 22:57:01 | INFO | it=013 | x_next=[1.6391285  1.88842331 0.51046662] | y_next=-1.285445e+00 | best_y=-1.421835e+00 | l_c=3.000e-01 | sigma_f=1.000e+00 | sigma_y=1.000e-01
2026-01-28 22:57:01 | INFO | it=014 | x_next=[1.94980724 1.98992024 1.06813944] | y_next=-5.072088e-01 | best_y=-1.421835e+00 | l_c=3.000e-01 | sigma_f=1.000e+00 | sigma_y=1.000e-01
2026-01-28 22:57:01 | INFO | it=015 | x_next=[1.90734584 1.99580231 0.63882119] | y_next=-8.504465e-01 | best_y=-1.421835e+00 | l_c=3.000e-01 | sigma_f=1.000e+00 | sigma_y=1.000e-01
2026-01-28 22:57:01 | INFO | it=016 | x_next=[1.20521071 1.48833487 0.93261979] | y_next=-9.274536e-02 | best_y=-1.421835e+00 | l_c=3.000e-01 | sigma_f=1.000e+00 | sigma_y=1.000e-01
2026-01-28 22:57:01 | INFO | it=017 | x_next=[1.35244419 1.56490894 0.23970547] | y_next=-6.038515e-01 | best_y=-1.421835e+00 | l_c=3.000e-01 | sigma_f=1.000e+00 | sigma_y=1.000e-01
2026-01-28 22:57:01 | INFO | it=018 | x_next=[ 1.56173234  1.86052717 -0.1092281 ] | y_next=-1.524390e+00 | best_y=-1.421835e+00 | l_c=3.000e-01 | sigma_f=1.000e+00 | sigma_y=1.000e-01
2026-01-28 22:57:01 | INFO | it=019 | x_next=[ 1.34084446  1.89581249 -0.11690837] | y_next=-1.345072e+00 | best_y=-1.524390e+00 | l_c=3.000e-01 | sigma_f=1.000e+00 | sigma_y=1.000e-01
2026-01-28 22:57:01 | INFO | it=020 | x_next=[1.48499551 1.80209317 0.07183617] | y_next=-1.419163e+00 | best_y=-1.524390e+00 | l_c=3.000e-01 | sigma_f=1.000e+00 | sigma_y=1.000e-01
2026-01-28 22:57:01 | INFO | it=021 | x_next=[ 1.52812979  1.72367729 -0.21800919] | y_next=-1.381539e+00 | best_y=-1.524390e+00 | l_c=3.000e-01 | sigma_f=1.000e+00 | sigma_y=1.000e-01
2026-01-28 22:57:01 | INFO | it=022 | x_next=[ 1.9191398   1.78238079 -0.23021519] | y_next=-1.007818e+00 | best_y=-1.524390e+00 | l_c=3.000e-01 | sigma_f=1.000e+00 | sigma_y=1.000e-01
2026-01-28 22:57:01 | INFO | it=023 | x_next=[ 1.47362442  1.69437521 -0.48217232] | y_next=-1.153199e+00 | best_y=-1.524390e+00 | l_c=3.000e-01 | sigma_f=1.000e+00 | sigma_y=1.000e-01
2026-01-28 22:57:01 | INFO | it=024 | x_next=[ 1.64068631  1.85654698 -0.41268673] | y_next=-1.614407e+00 | best_y=-1.524390e+00 | l_c=3.000e-01 | sigma_f=1.000e+00 | sigma_y=1.000e-01
2026-01-28 22:57:01 | INFO | it=025 | x_next=[ 1.79366402  1.70426049 -0.66067707] | y_next=-1.171186e+00 | best_y=-1.614407e+00 | l_c=3.000e-01 | sigma_f=1.000e+00 | sigma_y=1.000e-01
2026-01-28 22:57:01 | INFO | it=026 | x_next=[ 1.92067635  1.88486554 -0.6548992 ] | y_next=-1.008793e+00 | best_y=-1.614407e+00 | l_c=3.000e-01 | sigma_f=1.000e+00 | sigma_y=1.000e-01
2026-01-28 22:57:01 | INFO | it=027 | x_next=[ 1.63935875  1.97095703 -0.28364216] | y_next=-1.428457e+00 | best_y=-1.614407e+00 | l_c=3.000e-01 | sigma_f=1.000e+00 | sigma_y=1.000e-01
2026-01-28 22:57:01 | INFO | it=028 | x_next=[ 1.41496709  1.96967847 -0.67938218] | y_next=-1.268191e+00 | best_y=-1.614407e+00 | l_c=3.000e-01 | sigma_f=1.000e+00 | sigma_y=1.000e-01
2026-01-28 22:57:01 | INFO | it=029 | x_next=[ 1.1016702   1.94934488 -0.84472381] | y_next=-5.512716e-01 | best_y=-1.614407e+00 | l_c=3.000e-01 | sigma_f=1.000e+00 | sigma_y=1.000e-01
