2026-03-20 14:31:15 | INFO | Bounds: [(-2.0, 2.0)]
2026-03-20 14:31:15 | INFO | BOConfig: BOConfig(n_init=10, n_iter=100, init_sampling='uniform', random_state=1234)
2026-03-20 14:31:15 | INFO | GPConfig: GPConfig(l_c=0.3, sigma_f=1.0, sigma_y=0.1, jitter=1e-10, optimize_hyperparams=True, hpo_every=10, theta0_log=None, theta_bounds_log=None, rank_one=True, rank_one_threshold=1000)
2026-03-20 14:31:15 | INFO | AcqConfig: AcqConfig(kind='EI', xi=0.01, kappa=2.0, maximize=False)
2026-03-20 14:31:15 | INFO | OptimConfig: OptimConfig(method='random', global_method='refine', optimizer='L-BFGS-B', n_raw_samples=2000, grid_n_per_dim=20, n_restarts=10, local_maxiter=200)
2026-03-20 14:31:15 | INFO | SaveConfig: SaveConfig(out_path='./sinus_1D_out\\2026-03-20_14-31-15', log_enabled=True, log_filename='log.log', export_enabled=False, export_filename='experiment.h5', export_every=1, plt_state_enabled=True, plt_conv_enabled=True, plt_hist_enabled=True, plt_MLE_conv_enbable=True, plt_all=True, plot_every=10, dpi=250)
2026-03-20 14:31:15 | INFO | Random seed: 1234
2026-03-20 14:31:15 | INFO | it  |    x_next     |      y_next     |      best_y     |    l_c    |  sigma_f  |  sigma_y
2026-03-20 14:31:15 | INFO | -----------------------------------------------------------------------------------------------
2026-03-20 14:31:17 | INFO | 000 |  -4.293201e-01 |  -6.907029e-01 |  -5.664460e-01 |    8.678e-02 |    2.905e-01 |    3.478e-02
2026-03-20 14:31:17 | INFO | 001 |  -3.894221e-01 |  -7.336437e-01 |  -6.907029e-01 |    8.678e-02 |    2.905e-01 |    3.478e-02
2026-03-20 14:31:17 | INFO | 002 |  -3.487083e-01 |  -8.829663e-01 |  -7.336437e-01 |    8.678e-02 |    2.905e-01 |    3.478e-02
2026-03-20 14:31:17 | INFO | 003 |  -3.027564e-01 |  -9.503784e-01 |  -8.829663e-01 |    8.678e-02 |    2.905e-01 |    3.478e-02
2026-03-20 14:31:17 | INFO | 004 |  -2.902870e-01 |  -6.861702e-01 |  -9.503784e-01 |    8.678e-02 |    2.905e-01 |    3.478e-02
2026-03-20 14:31:17 | INFO | 005 |  -3.335763e-01 |  -9.729782e-01 |  -9.503784e-01 |    8.678e-02 |    2.905e-01 |    3.478e-02
2026-03-20 14:31:17 | INFO | 006 |  -3.342347e-01 |  -7.725420e-01 |  -9.729782e-01 |    8.678e-02 |    2.905e-01 |    3.478e-02
2026-03-20 14:31:17 | INFO | 007 |   1.497100e+00 |  -4.710553e-02 |  -9.729782e-01 |    8.678e-02 |    2.905e-01 |    3.478e-02
2026-03-20 14:31:17 | INFO | 008 |  -1.232048e+00 |  -6.378484e-02 |  -9.729782e-01 |    8.678e-02 |    2.905e-01 |    3.478e-02
2026-03-20 14:31:17 | INFO | 009 |   1.275720e+00 |  -3.860364e-02 |  -9.729782e-01 |    8.678e-02 |    2.905e-01 |    3.478e-02
2026-03-20 14:31:21 | INFO | 010 |  -7.213691e-02 |  -2.976380e-01 |  -9.729782e-01 |    2.388e-01 |    3.560e-01 |    8.905e-02
2026-03-20 14:31:21 | INFO | 011 |   6.687747e-01 |  -1.247755e-01 |  -9.729782e-01 |    2.388e-01 |    3.560e-01 |    8.905e-02
2026-03-20 14:31:21 | INFO | 012 |  -1.997645e+00 |   1.382825e-01 |  -9.729782e-01 |    2.388e-01 |    3.560e-01 |    8.905e-02
2026-03-20 14:31:21 | INFO | 013 |   3.439980e-01 |   9.695760e-01 |  -9.729782e-01 |    2.388e-01 |    3.560e-01 |    8.905e-02
2026-03-20 14:31:21 | INFO | 014 |   9.266445e-01 |  -2.589223e-01 |  -9.729782e-01 |    2.388e-01 |    3.560e-01 |    8.905e-02
2026-03-20 14:31:21 | INFO | 015 |  -2.713070e-01 |  -8.702062e-01 |  -9.729782e-01 |    2.388e-01 |    3.560e-01 |    8.905e-02
2026-03-20 14:31:21 | INFO | 016 |  -2.749760e-01 |  -7.860662e-01 |  -9.729782e-01 |    2.388e-01 |    3.560e-01 |    8.905e-02
2026-03-20 14:31:21 | INFO | 017 |  -2.780361e-01 |  -9.009619e-01 |  -9.729782e-01 |    2.388e-01 |    3.560e-01 |    8.905e-02
2026-03-20 14:31:21 | INFO | 018 |  -2.752990e-01 |  -8.909462e-01 |  -9.729782e-01 |    2.388e-01 |    3.560e-01 |    8.905e-02
2026-03-20 14:31:21 | INFO | 019 |  -2.761704e-01 |  -9.355155e-01 |  -9.729782e-01 |    2.388e-01 |    3.560e-01 |    8.905e-02
2026-03-20 14:31:23 | INFO | 020 |  -2.760544e-01 |  -9.261203e-01 |  -9.729782e-01 |    2.625e-01 |    4.425e-01 |    8.042e-02
2026-03-20 14:31:23 | INFO | 021 |  -2.757987e-01 |  -9.357998e-01 |  -9.729782e-01 |    2.625e-01 |    4.425e-01 |    8.042e-02
2026-03-20 14:31:23 | INFO | 022 |  -2.758004e-01 |  -8.904981e-01 |  -9.729782e-01 |    2.625e-01 |    4.425e-01 |    8.042e-02
2026-03-20 14:31:23 | INFO | 023 |  -2.777389e-01 |  -8.526104e-01 |  -9.729782e-01 |    2.625e-01 |    4.425e-01 |    8.042e-02
2026-03-20 14:31:23 | INFO | 024 |  -1.773837e+00 |   5.004821e-02 |  -9.729782e-01 |    2.625e-01 |    4.425e-01 |    8.042e-02
2026-03-20 14:31:23 | INFO | 025 |  -2.778579e-01 |  -8.966124e-01 |  -9.729782e-01 |    2.625e-01 |    4.425e-01 |    8.042e-02
2026-03-20 14:31:23 | INFO | 026 |  -2.768485e-01 |  -1.007886e+00 |  -9.729782e-01 |    2.625e-01 |    4.425e-01 |    8.042e-02
2026-03-20 14:31:23 | INFO | 027 |   1.998946e+00 |  -1.228891e-01 |  -1.007886e+00 |    2.625e-01 |    4.425e-01 |    8.042e-02
2026-03-20 14:31:23 | INFO | 028 |  -2.432995e-01 |  -1.078249e+00 |  -1.007886e+00 |    2.625e-01 |    4.425e-01 |    8.042e-02
2026-03-20 14:31:23 | INFO | 029 |  -2.074708e-01 |  -9.074099e-01 |  -1.078249e+00 |    2.625e-01 |    4.425e-01 |    8.042e-02
2026-03-20 14:31:25 | INFO | 030 |  -2.119287e-01 |  -7.316733e-01 |  -1.078249e+00 |    2.768e-01 |    4.541e-01 |    8.542e-02
2026-03-20 14:31:25 | INFO | 031 |  -3.567666e-01 |  -8.702149e-01 |  -1.078249e+00 |    2.768e-01 |    4.541e-01 |    8.542e-02
2026-03-20 14:31:25 | INFO | 032 |   1.073671e+00 |   3.968648e-02 |  -1.078249e+00 |    2.768e-01 |    4.541e-01 |    8.542e-02
2026-03-20 14:31:25 | INFO | 033 |  -2.148277e-01 |  -7.547005e-01 |  -1.078249e+00 |    2.768e-01 |    4.541e-01 |    8.542e-02
2026-03-20 14:31:25 | INFO | 034 |  -3.563656e-01 |  -9.529289e-01 |  -1.078249e+00 |    2.768e-01 |    4.541e-01 |    8.542e-02
2026-03-20 14:31:25 | INFO | 035 |  -3.568651e-01 |  -8.006579e-01 |  -1.078249e+00 |    2.768e-01 |    4.541e-01 |    8.542e-02
2026-03-20 14:31:25 | INFO | 036 |   8.107681e-01 |  -2.334584e-01 |  -1.078249e+00 |    2.768e-01 |    4.541e-01 |    8.542e-02
2026-03-20 14:31:25 | INFO | 037 |  -2.261542e-01 |  -9.462158e-01 |  -1.078249e+00 |    2.768e-01 |    4.541e-01 |    8.542e-02
2026-03-20 14:31:25 | INFO | 038 |  -3.458535e-01 |  -8.208950e-01 |  -1.078249e+00 |    2.768e-01 |    4.541e-01 |    8.542e-02
2026-03-20 14:31:25 | INFO | 039 |  -2.205344e-01 |  -7.074771e-01 |  -1.078249e+00 |    2.768e-01 |    4.541e-01 |    8.542e-02
2026-03-20 14:31:27 | INFO | 040 |  -3.557353e-01 |  -8.899430e-01 |  -1.078249e+00 |    2.796e-01 |    4.557e-01 |    8.509e-02
2026-03-20 14:31:27 | INFO | 041 |  -3.563801e-01 |  -7.649356e-01 |  -1.078249e+00 |    2.796e-01 |    4.557e-01 |    8.509e-02
2026-03-20 14:31:27 | INFO | 042 |  -2.217215e-01 |  -8.807872e-01 |  -1.078249e+00 |    2.796e-01 |    4.557e-01 |    8.509e-02
2026-03-20 14:31:27 | INFO | 043 |  -6.571357e-02 |  -2.377975e-01 |  -1.078249e+00 |    2.796e-01 |    4.557e-01 |    8.509e-02
2026-03-20 14:31:27 | INFO | 044 |  -2.698042e-01 |  -7.557593e-01 |  -1.078249e+00 |    2.796e-01 |    4.557e-01 |    8.509e-02
2026-03-20 14:31:27 | INFO | 045 |  -3.736860e-01 |  -8.960427e-01 |  -1.078249e+00 |    2.796e-01 |    4.557e-01 |    8.509e-02
2026-03-20 14:31:27 | INFO | 046 |  -3.739994e-01 |  -7.483008e-01 |  -1.078249e+00 |    2.796e-01 |    4.557e-01 |    8.509e-02
2026-03-20 14:31:27 | INFO | 047 |  -2.607340e-01 |  -1.052969e+00 |  -1.078249e+00 |    2.796e-01 |    4.557e-01 |    8.509e-02
2026-03-20 14:31:27 | INFO | 048 |  -2.617769e-01 |  -6.690912e-01 |  -1.078249e+00 |    2.796e-01 |    4.557e-01 |    8.509e-02
2026-03-20 14:31:27 | INFO | 049 |  -1.336300e+00 |  -8.287322e-02 |  -1.078249e+00 |    2.796e-01 |    4.557e-01 |    8.509e-02
2026-03-20 14:31:28 | INFO | 050 |  -3.736138e-01 |  -9.997617e-01 |  -1.078249e+00 |    2.844e-01 |    4.607e-01 |    9.097e-02
2026-03-20 14:31:28 | INFO | 051 |  -3.747166e-01 |  -8.612961e-01 |  -1.078249e+00 |    2.844e-01 |    4.607e-01 |    9.097e-02
2026-03-20 14:31:28 | INFO | 052 |  -2.711284e-01 |  -8.151617e-01 |  -1.078249e+00 |    2.844e-01 |    4.607e-01 |    9.097e-02
2026-03-20 14:31:28 | INFO | 053 |  -3.847970e-01 |  -8.242848e-01 |  -1.078249e+00 |    2.844e-01 |    4.607e-01 |    9.097e-02
2026-03-20 14:31:28 | INFO | 054 |  -2.709894e-01 |  -1.021007e+00 |  -1.078249e+00 |    2.844e-01 |    4.607e-01 |    9.097e-02
2026-03-20 14:31:28 | INFO | 055 |  -2.700016e-01 |  -8.906153e-01 |  -1.078249e+00 |    2.844e-01 |    4.607e-01 |    9.097e-02
2026-03-20 14:31:28 | INFO | 056 |  -2.729836e-01 |  -9.350494e-01 |  -1.078249e+00 |    2.844e-01 |    4.607e-01 |    9.097e-02
2026-03-20 14:31:28 | INFO | 057 |  -3.772669e-01 |  -1.173328e+00 |  -1.078249e+00 |    2.844e-01 |    4.607e-01 |    9.097e-02
2026-03-20 14:31:28 | INFO | 058 |   1.999501e+00 |   5.401486e-02 |  -1.173328e+00 |    2.844e-01 |    4.607e-01 |    9.097e-02
2026-03-20 14:31:28 | INFO | 059 |   6.240939e-01 |  -3.972928e-02 |  -1.173328e+00 |    2.844e-01 |    4.607e-01 |    9.097e-02
2026-03-20 14:31:31 | INFO | 060 |   1.416962e+00 |   7.363116e-02 |  -1.173328e+00 |    2.778e-01 |    4.501e-01 |    1.014e-01
2026-03-20 14:31:31 | INFO | 061 |  -1.999761e+00 |  -8.303507e-02 |  -1.173328e+00 |    2.778e-01 |    4.501e-01 |    1.014e-01
2026-03-20 14:31:31 | INFO | 062 |  -4.428844e-01 |  -6.045773e-01 |  -1.173328e+00 |    2.778e-01 |    4.501e-01 |    1.014e-01
2026-03-20 14:31:31 | INFO | 063 |   8.390960e-01 |  -5.282608e-01 |  -1.173328e+00 |    2.778e-01 |    4.501e-01 |    1.014e-01
2026-03-20 14:31:31 | INFO | 064 |  -1.778620e+00 |   2.625302e-02 |  -1.173328e+00 |    2.778e-01 |    4.501e-01 |    1.014e-01
2026-03-20 14:31:31 | INFO | 065 |   3.980789e-02 |   1.934902e-01 |  -1.173328e+00 |    2.778e-01 |    4.501e-01 |    1.014e-01
2026-03-20 14:31:31 | INFO | 066 |  -1.534980e+00 |   1.604047e-01 |  -1.173328e+00 |    2.778e-01 |    4.501e-01 |    1.014e-01
2026-03-20 14:31:31 | INFO | 067 |  -4.469952e-01 |  -5.661882e-01 |  -1.173328e+00 |    2.778e-01 |    4.501e-01 |    1.014e-01
2026-03-20 14:31:31 | INFO | 068 |   1.657442e+00 |  -1.350381e-01 |  -1.173328e+00 |    2.778e-01 |    4.501e-01 |    1.014e-01
2026-03-20 14:31:31 | INFO | 069 |   8.314006e-01 |  -3.851893e-01 |  -1.173328e+00 |    2.778e-01 |    4.501e-01 |    1.014e-01
2026-03-20 14:31:32 | INFO | 070 |   1.077721e+00 |  -4.094998e-01 |  -1.173328e+00 |    2.857e-01 |    4.610e-01 |    1.020e-01
2026-03-20 14:31:33 | INFO | 071 |  -1.212388e+00 |  -2.837858e-02 |  -1.173328e+00 |    2.857e-01 |    4.610e-01 |    1.020e-01
2026-03-20 14:31:33 | INFO | 072 |  -2.095506e-01 |  -9.387478e-01 |  -1.173328e+00 |    2.857e-01 |    4.610e-01 |    1.020e-01
2026-03-20 14:31:33 | INFO | 073 |  -2.108667e-01 |  -9.088446e-01 |  -1.173328e+00 |    2.857e-01 |    4.610e-01 |    1.020e-01
2026-03-20 14:31:33 | INFO | 074 |  -2.104644e-01 |  -9.051714e-01 |  -1.173328e+00 |    2.857e-01 |    4.610e-01 |    1.020e-01
2026-03-20 14:31:33 | INFO | 075 |  -2.107160e-01 |  -7.592466e-01 |  -1.173328e+00 |    2.857e-01 |    4.610e-01 |    1.020e-01
2026-03-20 14:31:33 | INFO | 076 |   9.382306e-01 |  -3.102515e-01 |  -1.173328e+00 |    2.857e-01 |    4.610e-01 |    1.020e-01
2026-03-20 14:31:33 | INFO | 077 |  -4.324101e-01 |  -7.396972e-01 |  -1.173328e+00 |    2.857e-01 |    4.610e-01 |    1.020e-01
2026-03-20 14:31:33 | INFO | 078 |   1.207144e+00 |   3.804326e-02 |  -1.173328e+00 |    2.857e-01 |    4.610e-01 |    1.020e-01
2026-03-20 14:31:33 | INFO | 079 |  -2.122728e-01 |  -9.314003e-01 |  -1.173328e+00 |    2.857e-01 |    4.610e-01 |    1.020e-01
2026-03-20 14:31:34 | INFO | 080 |  -3.014316e-01 |  -8.211745e-01 |  -1.173328e+00 |    3.008e-01 |    4.771e-01 |    1.050e-01
2026-03-20 14:31:34 | INFO | 081 |  -2.278330e-01 |  -8.303389e-01 |  -1.173328e+00 |    3.008e-01 |    4.771e-01 |    1.050e-01
2026-03-20 14:31:34 | INFO | 082 |  -3.760285e-01 |  -7.756442e-01 |  -1.173328e+00 |    3.008e-01 |    4.771e-01 |    1.050e-01
2026-03-20 14:31:34 | INFO | 083 |  -1.998191e+00 |   1.170361e-01 |  -1.173328e+00 |    3.008e-01 |    4.771e-01 |    1.050e-01
2026-03-20 14:31:34 | INFO | 084 |  -2.231883e-01 |  -7.728669e-01 |  -1.173328e+00 |    3.008e-01 |    4.771e-01 |    1.050e-01
2026-03-20 14:31:34 | INFO | 085 |   1.999712e+00 |   1.344025e-02 |  -1.173328e+00 |    3.008e-01 |    4.771e-01 |    1.050e-01
2026-03-20 14:31:34 | INFO | 086 |   7.013710e-01 |  -1.599583e-01 |  -1.173328e+00 |    3.008e-01 |    4.771e-01 |    1.050e-01
2026-03-20 14:31:34 | INFO | 087 |  -3.971195e-01 |  -7.137912e-01 |  -1.173328e+00 |    3.008e-01 |    4.771e-01 |    1.050e-01
2026-03-20 14:31:34 | INFO | 088 |   1.772103e+00 |   2.480308e-02 |  -1.173328e+00 |    3.008e-01 |    4.771e-01 |    1.050e-01
2026-03-20 14:31:34 | INFO | 089 |  -2.267997e-01 |  -9.110943e-01 |  -1.173328e+00 |    3.008e-01 |    4.771e-01 |    1.050e-01
2026-03-20 14:31:37 | INFO | 090 |  -3.048227e-01 |  -6.610531e-01 |  -1.173328e+00 |    3.029e-01 |    4.781e-01 |    1.014e-01
2026-03-20 14:31:37 | INFO | 091 |  -1.821618e-01 |  -7.088439e-01 |  -1.173328e+00 |    3.029e-01 |    4.781e-01 |    1.014e-01
2026-03-20 14:31:37 | INFO | 092 |  -4.602864e-01 |  -5.950789e-01 |  -1.173328e+00 |    3.029e-01 |    4.781e-01 |    1.014e-01
2026-03-20 14:31:37 | INFO | 093 |   9.010329e-01 |  -3.966426e-01 |  -1.173328e+00 |    3.029e-01 |    4.781e-01 |    1.014e-01
2026-03-20 14:31:37 | INFO | 094 |  -3.087194e-01 |  -8.610421e-01 |  -1.173328e+00 |    3.029e-01 |    4.781e-01 |    1.014e-01
2026-03-20 14:31:37 | INFO | 095 |  -1.812871e+00 |  -6.482924e-02 |  -1.173328e+00 |    3.029e-01 |    4.781e-01 |    1.014e-01
2026-03-20 14:31:37 | INFO | 096 |  -1.652362e-01 |  -6.484012e-01 |  -1.173328e+00 |    3.029e-01 |    4.781e-01 |    1.014e-01
2026-03-20 14:31:37 | INFO | 097 |   1.518269e+00 |   4.890123e-02 |  -1.173328e+00 |    3.029e-01 |    4.781e-01 |    1.014e-01
2026-03-20 14:31:37 | INFO | 098 |  -3.153781e-01 |  -9.552070e-01 |  -1.173328e+00 |    3.029e-01 |    4.781e-01 |    1.014e-01
2026-03-20 14:31:37 | INFO | 099 |  -3.139979e-01 |  -7.910980e-01 |  -1.173328e+00 |    3.029e-01 |    4.781e-01 |    1.014e-01
