2026-01-30 10:29:20 | INFO | Bounds: [(-2, 2), (-2, 2), (-2, 2)]
2026-01-30 10:29:20 | INFO | BOConfig: BOConfig(n_init=50, n_iter=200, random_state=1234, export_every=None, init_sampling='uniform')
2026-01-30 10:29:20 | INFO | GPConfig: GPConfig(l_c=0.3, sigma_f=1.0, sigma_y=0.1, jitter=1e-10, optimize_hyperparams=False, hpo_every=1, theta0_log=None, theta_bounds_log=None)
2026-01-30 10:29:20 | INFO | AcqConfig: AcqConfig(kind='EI', xi=0.01, kappa=2.0, maximize=False)
2026-01-30 10:29:20 | INFO | OptimConfig: OptimConfig(method='refined', global_method='random', optimizer='L-BFGS-B', n_raw_samples=2000, grid_n_per_dim=20, n_restarts=10, local_maxiter=200)
2026-01-30 10:29:20 | INFO | Random seed: 1234
2026-01-30 10:29:20 | INFO | it=000 | x_next=[ 2.  2. -2.] | y_next=2.286129e+01 | best_y=8.304190e-01 | l_c=3.000e-01 | sigma_f=1.000e+00 | sigma_y=1.000e-01
2026-01-30 10:29:20 | INFO | it=001 | x_next=[ 2. -2. -2.] | y_next=1.941471e+01 | best_y=8.304190e-01 | l_c=3.000e-01 | sigma_f=1.000e+00 | sigma_y=1.000e-01
2026-01-30 10:29:20 | INFO | it=002 | x_next=[-2.         -2.          1.65728765] | y_next=1.577933e+01 | best_y=8.304190e-01 | l_c=3.000e-01 | sigma_f=1.000e+00 | sigma_y=1.000e-01
2026-01-30 10:29:20 | INFO | it=003 | x_next=[-0.28204979 -2.          1.40337456] | y_next=5.234920e+00 | best_y=8.304190e-01 | l_c=3.000e-01 | sigma_f=1.000e+00 | sigma_y=1.000e-01
2026-01-30 10:29:21 | INFO | it=004 | x_next=[-2. -2. -2.] | y_next=2.338319e+01 | best_y=8.304190e-01 | l_c=3.000e-01 | sigma_f=1.000e+00 | sigma_y=1.000e-01
2026-01-30 10:29:21 | INFO | it=005 | x_next=[ 0.39590114 -0.22961982  2.        ] | y_next=1.118187e+00 | best_y=8.304190e-01 | l_c=3.000e-01 | sigma_f=1.000e+00 | sigma_y=1.000e-01
2026-01-30 10:29:21 | INFO | it=006 | x_next=[0.04117203 2.         0.43940995] | y_next=8.198514e+00 | best_y=8.304190e-01 | l_c=3.000e-01 | sigma_f=1.000e+00 | sigma_y=1.000e-01
2026-01-30 10:29:21 | INFO | it=007 | x_next=[2.         0.78170792 2.        ] | y_next=6.182189e+00 | best_y=8.304190e-01 | l_c=3.000e-01 | sigma_f=1.000e+00 | sigma_y=1.000e-01
2026-01-30 10:29:21 | INFO | it=008 | x_next=[ 0.03050856  0.1559569  -2.        ] | y_next=6.642913e+00 | best_y=8.304190e-01 | l_c=3.000e-01 | sigma_f=1.000e+00 | sigma_y=1.000e-01
2026-01-30 10:29:21 | INFO | it=009 | x_next=[ 2.         -0.31515015 -0.21659953] | y_next=3.046115e+00 | best_y=8.304190e-01 | l_c=3.000e-01 | sigma_f=1.000e+00 | sigma_y=1.000e-01
2026-01-30 10:29:21 | INFO | it=010 | x_next=[ 1.12183141  2.         -0.57154916] | y_next=9.730070e+00 | best_y=8.304190e-01 | l_c=3.000e-01 | sigma_f=1.000e+00 | sigma_y=1.000e-01
2026-01-30 10:29:21 | INFO | it=011 | x_next=[0.38269502 2.         2.        ] | y_next=9.460896e+00 | best_y=8.304190e-01 | l_c=3.000e-01 | sigma_f=1.000e+00 | sigma_y=1.000e-01
2026-01-30 10:29:21 | INFO | it=012 | x_next=[-2.          1.00301073  2.        ] | y_next=1.163262e+01 | best_y=8.304190e-01 | l_c=3.000e-01 | sigma_f=1.000e+00 | sigma_y=1.000e-01
2026-01-30 10:29:22 | INFO | it=013 | x_next=[ 0.21112356 -0.17050073  0.91956743] | y_next=2.108986e-01 | best_y=8.304190e-01 | l_c=3.000e-01 | sigma_f=1.000e+00 | sigma_y=1.000e-01
2026-01-30 10:29:22 | INFO | it=014 | x_next=[-2.         -2.         -0.61012026] | y_next=1.267598e+01 | best_y=2.108986e-01 | l_c=3.000e-01 | sigma_f=1.000e+00 | sigma_y=1.000e-01
2026-01-30 10:29:22 | INFO | it=015 | x_next=[ 2.         -1.31142513 -0.88748214] | y_next=6.620482e+00 | best_y=2.108986e-01 | l_c=3.000e-01 | sigma_f=1.000e+00 | sigma_y=1.000e-01
2026-01-30 10:29:22 | INFO | it=016 | x_next=[ 0.17719506 -2.          0.251195  ] | y_next=4.779697e+00 | best_y=2.108986e-01 | l_c=3.000e-01 | sigma_f=1.000e+00 | sigma_y=1.000e-01
2026-01-30 10:29:22 | INFO | it=017 | x_next=[-0.23962345  0.69210131  0.19500934] | y_next=2.561822e+00 | best_y=2.108986e-01 | l_c=3.000e-01 | sigma_f=1.000e+00 | sigma_y=1.000e-01
2026-01-30 10:29:22 | INFO | it=018 | x_next=[0.80071533 0.78135676 2.        ] | y_next=3.291954e+00 | best_y=2.108986e-01 | l_c=3.000e-01 | sigma_f=1.000e+00 | sigma_y=1.000e-01
2026-01-30 10:29:22 | INFO | it=019 | x_next=[-2.          0.60821785  0.26173066] | y_next=7.902372e+00 | best_y=2.108986e-01 | l_c=3.000e-01 | sigma_f=1.000e+00 | sigma_y=1.000e-01
2026-01-30 10:29:22 | INFO | it=020 | x_next=[-0.18589522 -0.91263115  1.03530802] | y_next=1.331575e+00 | best_y=2.108986e-01 | l_c=3.000e-01 | sigma_f=1.000e+00 | sigma_y=1.000e-01
2026-01-30 10:29:22 | INFO | it=021 | x_next=[-0.95350245 -2.         -1.32613015] | y_next=1.087503e+01 | best_y=2.108986e-01 | l_c=3.000e-01 | sigma_f=1.000e+00 | sigma_y=1.000e-01
2026-01-30 10:29:22 | INFO | it=022 | x_next=[-1.22282186 -2.          0.70685056] | y_next=7.612583e+00 | best_y=2.108986e-01 | l_c=3.000e-01 | sigma_f=1.000e+00 | sigma_y=1.000e-01
2026-01-30 10:29:23 | INFO | it=023 | x_next=[2.         0.43460037 0.86825368] | y_next=3.263775e+00 | best_y=2.108986e-01 | l_c=3.000e-01 | sigma_f=1.000e+00 | sigma_y=1.000e-01
2026-01-30 10:29:23 | INFO | it=024 | x_next=[ 0.16014947 -1.18523456  2.        ] | y_next=2.196197e+00 | best_y=2.108986e-01 | l_c=3.000e-01 | sigma_f=1.000e+00 | sigma_y=1.000e-01
2026-01-30 10:29:23 | INFO | it=025 | x_next=[-0.5107533   0.16430706  2.        ] | y_next=2.609010e+00 | best_y=2.108986e-01 | l_c=3.000e-01 | sigma_f=1.000e+00 | sigma_y=1.000e-01
2026-01-30 10:29:23 | INFO | it=026 | x_next=[-0.14559639  0.20415531 -0.80168651] | y_next=2.757010e+00 | best_y=2.108986e-01 | l_c=3.000e-01 | sigma_f=1.000e+00 | sigma_y=1.000e-01
2026-01-30 10:29:23 | INFO | it=027 | x_next=[ 0.82903273 -0.27603586  0.3149679 ] | y_next=2.276195e-01 | best_y=2.108986e-01 | l_c=3.000e-01 | sigma_f=1.000e+00 | sigma_y=1.000e-01
2026-01-30 10:29:23 | INFO | it=028 | x_next=[ 1.03195561 -1.36979974 -2.        ] | y_next=9.079143e+00 | best_y=2.108986e-01 | l_c=3.000e-01 | sigma_f=1.000e+00 | sigma_y=1.000e-01
2026-01-30 10:29:23 | INFO | it=029 | x_next=[ 2.          1.23780785 -1.10563284] | y_next=9.711393e+00 | best_y=2.108986e-01 | l_c=3.000e-01 | sigma_f=1.000e+00 | sigma_y=1.000e-01
2026-01-30 10:29:23 | INFO | it=030 | x_next=[-2.          0.98634994 -0.84339289] | y_next=1.116249e+01 | best_y=2.108986e-01 | l_c=3.000e-01 | sigma_f=1.000e+00 | sigma_y=1.000e-01
2026-01-30 10:29:24 | INFO | it=031 | x_next=[-0.88160786  1.38879265  0.16989508] | y_next=6.525208e+00 | best_y=2.108986e-01 | l_c=3.000e-01 | sigma_f=1.000e+00 | sigma_y=1.000e-01
2026-01-30 10:29:24 | INFO | it=032 | x_next=[2.         2.         0.04707213] | y_next=1.057102e+01 | best_y=2.108986e-01 | l_c=3.000e-01 | sigma_f=1.000e+00 | sigma_y=1.000e-01
2026-01-30 10:29:24 | INFO | it=033 | x_next=[0.75635826 0.1876573  1.20188005] | y_next=6.642750e-01 | best_y=2.108986e-01 | l_c=3.000e-01 | sigma_f=1.000e+00 | sigma_y=1.000e-01
2026-01-30 10:29:24 | INFO | it=034 | x_next=[-0.3445532   0.03605721  1.07274314] | y_next=8.973650e-01 | best_y=2.108986e-01 | l_c=3.000e-01 | sigma_f=1.000e+00 | sigma_y=1.000e-01
2026-01-30 10:29:24 | INFO | it=035 | x_next=[-0.99507751 -1.7246693   2.        ] | y_next=7.570767e+00 | best_y=2.108986e-01 | l_c=3.000e-01 | sigma_f=1.000e+00 | sigma_y=1.000e-01
2026-01-30 10:29:24 | INFO | it=036 | x_next=[ 1.03872097  1.4182135  -2.        ] | y_next=1.227061e+01 | best_y=2.108986e-01 | l_c=3.000e-01 | sigma_f=1.000e+00 | sigma_y=1.000e-01
2026-01-30 10:29:24 | INFO | it=037 | x_next=[ 0.72444065 -0.63514654  1.34514924] | y_next=6.273176e-01 | best_y=2.108986e-01 | l_c=3.000e-01 | sigma_f=1.000e+00 | sigma_y=1.000e-01
2026-01-30 10:29:24 | INFO | it=038 | x_next=[ 0.70768735 -2.          1.23494835] | y_next=4.692367e+00 | best_y=2.108986e-01 | l_c=3.000e-01 | sigma_f=1.000e+00 | sigma_y=1.000e-01
2026-01-30 10:29:25 | INFO | it=039 | x_next=[-0.77404806  2.         -0.68874397] | y_next=1.162649e+01 | best_y=2.108986e-01 | l_c=3.000e-01 | sigma_f=1.000e+00 | sigma_y=1.000e-01
2026-01-30 10:29:25 | INFO | it=040 | x_next=[0.56573937 1.282743   1.07094446] | y_next=3.826433e+00 | best_y=2.108986e-01 | l_c=3.000e-01 | sigma_f=1.000e+00 | sigma_y=1.000e-01
2026-01-30 10:29:25 | INFO | it=041 | x_next=[ 0.53917134  1.26283249 -0.09780238] | y_next=4.440146e+00 | best_y=2.108986e-01 | l_c=3.000e-01 | sigma_f=1.000e+00 | sigma_y=1.000e-01
2026-01-30 10:29:25 | INFO | it=042 | x_next=[-2.         -0.97902351  2.        ] | y_next=9.466600e+00 | best_y=2.108986e-01 | l_c=3.000e-01 | sigma_f=1.000e+00 | sigma_y=1.000e-01
2026-01-30 10:29:25 | INFO | it=043 | x_next=[ 1.2167848 -0.0548408  2.       ] | y_next=1.754883e+00 | best_y=2.108986e-01 | l_c=3.000e-01 | sigma_f=1.000e+00 | sigma_y=1.000e-01
2026-01-30 10:29:25 | INFO | it=044 | x_next=[ 0.44523281  0.07710712 -0.0508445 ] | y_next=1.123037e+00 | best_y=2.108986e-01 | l_c=3.000e-01 | sigma_f=1.000e+00 | sigma_y=1.000e-01
2026-01-30 10:29:25 | INFO | it=045 | x_next=[ 1.19528284 -0.643047    0.05387206] | y_next=1.292102e+00 | best_y=2.108986e-01 | l_c=3.000e-01 | sigma_f=1.000e+00 | sigma_y=1.000e-01
2026-01-30 10:29:25 | INFO | it=046 | x_next=[ 0.46908078 -0.50663426  0.59646339] | y_next=-6.051121e-02 | best_y=2.108986e-01 | l_c=3.000e-01 | sigma_f=1.000e+00 | sigma_y=1.000e-01
2026-01-30 10:29:25 | INFO | it=047 | x_next=[-0.97907543 -1.07795967  1.01113459] | y_next=3.536050e+00 | best_y=-6.051121e-02 | l_c=3.000e-01 | sigma_f=1.000e+00 | sigma_y=1.000e-01
2026-01-30 10:29:26 | INFO | it=048 | x_next=[-0.33777718  1.04127353 -2.        ] | y_next=1.011968e+01 | best_y=-6.051121e-02 | l_c=3.000e-01 | sigma_f=1.000e+00 | sigma_y=1.000e-01
2026-01-30 10:29:26 | INFO | it=049 | x_next=[-2.         -0.24399832 -0.31913647] | y_next=7.428217e+00 | best_y=-6.051121e-02 | l_c=3.000e-01 | sigma_f=1.000e+00 | sigma_y=1.000e-01
2026-01-30 10:29:26 | INFO | it=050 | x_next=[ 2.         -0.60304203  0.67166522] | y_next=2.184914e+00 | best_y=-6.051121e-02 | l_c=3.000e-01 | sigma_f=1.000e+00 | sigma_y=1.000e-01
2026-01-30 10:29:26 | INFO | it=051 | x_next=[ 2.          0.25215227 -0.83794848] | y_next=4.623713e+00 | best_y=-6.051121e-02 | l_c=3.000e-01 | sigma_f=1.000e+00 | sigma_y=1.000e-01
2026-01-30 10:29:26 | INFO | it=052 | x_next=[-0.64995167 -2.         -0.35348772] | y_next=6.897600e+00 | best_y=-6.051121e-02 | l_c=3.000e-01 | sigma_f=1.000e+00 | sigma_y=1.000e-01
2026-01-30 10:29:26 | INFO | it=053 | x_next=[ 1.11880402 -1.21116108 -0.52685556] | y_next=3.297790e+00 | best_y=-6.051121e-02 | l_c=3.000e-01 | sigma_f=1.000e+00 | sigma_y=1.000e-01
2026-01-30 10:29:26 | INFO | it=054 | x_next=[ 0.67141217 -0.46721553 -2.        ] | y_next=6.289558e+00 | best_y=-6.051121e-02 | l_c=3.000e-01 | sigma_f=1.000e+00 | sigma_y=1.000e-01
2026-01-30 10:29:26 | INFO | it=055 | x_next=[-1.64692475  0.70190569  1.11260199] | y_next=6.561816e+00 | best_y=-6.051121e-02 | l_c=3.000e-01 | sigma_f=1.000e+00 | sigma_y=1.000e-01
2026-01-30 10:29:27 | INFO | it=056 | x_next=[1.28821465 0.65393213 1.27939223] | y_next=2.212274e+00 | best_y=-6.051121e-02 | l_c=3.000e-01 | sigma_f=1.000e+00 | sigma_y=1.000e-01
2026-01-30 10:29:27 | INFO | it=057 | x_next=[-0.39738109  2.          1.28167463] | y_next=8.981088e+00 | best_y=-6.051121e-02 | l_c=3.000e-01 | sigma_f=1.000e+00 | sigma_y=1.000e-01
2026-01-30 10:29:27 | INFO | it=058 | x_next=[ 0.71585874 -0.19896277  0.72679083] | y_next=-1.790588e-01 | best_y=-6.051121e-02 | l_c=3.000e-01 | sigma_f=1.000e+00 | sigma_y=1.000e-01
2026-01-30 10:29:27 | INFO | it=059 | x_next=[1.38060699 0.10525077 0.19510387] | y_next=1.664732e+00 | best_y=-1.790588e-01 | l_c=3.000e-01 | sigma_f=1.000e+00 | sigma_y=1.000e-01
2026-01-30 10:29:27 | INFO | it=060 | x_next=[ 0.43379218 -0.00342258  0.58866666] | y_next=2.610929e-01 | best_y=-1.790588e-01 | l_c=3.000e-01 | sigma_f=1.000e+00 | sigma_y=1.000e-01
2026-01-30 10:29:27 | INFO | it=061 | x_next=[-2.         -0.91360747 -2.        ] | y_next=1.453944e+01 | best_y=-1.790588e-01 | l_c=3.000e-01 | sigma_f=1.000e+00 | sigma_y=1.000e-01
2026-01-30 10:29:27 | INFO | it=062 | x_next=[-2.  2.  2.] | y_next=2.190030e+01 | best_y=-1.790588e-01 | l_c=3.000e-01 | sigma_f=1.000e+00 | sigma_y=1.000e-01
2026-01-30 10:29:27 | INFO | it=063 | x_next=[ 0.85588675 -0.50263921  0.70951645] | y_next=-1.056100e-01 | best_y=-1.790588e-01 | l_c=3.000e-01 | sigma_f=1.000e+00 | sigma_y=1.000e-01
2026-01-30 10:29:28 | INFO | it=064 | x_next=[ 0.13951278 -1.08711459  0.42391741] | y_next=6.358443e-01 | best_y=-1.790588e-01 | l_c=3.000e-01 | sigma_f=1.000e+00 | sigma_y=1.000e-01
2026-01-30 10:29:28 | INFO | it=065 | x_next=[-1.27188294  0.33231579  2.        ] | y_next=5.182286e+00 | best_y=-1.790588e-01 | l_c=3.000e-01 | sigma_f=1.000e+00 | sigma_y=1.000e-01
2026-01-30 10:29:28 | INFO | it=066 | x_next=[-2.         0.9722213 -2.       ] | y_next=1.616975e+01 | best_y=-1.790588e-01 | l_c=3.000e-01 | sigma_f=1.000e+00 | sigma_y=1.000e-01
2026-01-30 10:29:28 | INFO | it=067 | x_next=[-0.14857011 -0.48203231  1.60126983] | y_next=9.331887e-01 | best_y=-1.790588e-01 | l_c=3.000e-01 | sigma_f=1.000e+00 | sigma_y=1.000e-01
2026-01-30 10:29:28 | INFO | it=068 | x_next=[ 1.5267061  -2.         -1.02444339] | y_next=9.404220e+00 | best_y=-1.790588e-01 | l_c=3.000e-01 | sigma_f=1.000e+00 | sigma_y=1.000e-01
2026-01-30 10:29:28 | INFO | it=069 | x_next=[2. 2. 2.] | y_next=1.773966e+01 | best_y=-1.790588e-01 | l_c=3.000e-01 | sigma_f=1.000e+00 | sigma_y=1.000e-01
2026-01-30 10:29:28 | INFO | it=070 | x_next=[ 0.41020742 -2.          2.        ] | y_next=6.065473e+00 | best_y=-1.790588e-01 | l_c=3.000e-01 | sigma_f=1.000e+00 | sigma_y=1.000e-01
2026-01-30 10:29:28 | INFO | it=071 | x_next=[0.21735112 0.26536624 1.44984169] | y_next=1.091616e+00 | best_y=-1.790588e-01 | l_c=3.000e-01 | sigma_f=1.000e+00 | sigma_y=1.000e-01
2026-01-30 10:29:29 | INFO | it=072 | x_next=[-2.         -1.56778266  0.77336479] | y_next=9.444309e+00 | best_y=-1.790588e-01 | l_c=3.000e-01 | sigma_f=1.000e+00 | sigma_y=1.000e-01
2026-01-30 10:29:29 | INFO | it=073 | x_next=[-2.          2.         -1.18311178] | y_next=1.981240e+01 | best_y=-1.790588e-01 | l_c=3.000e-01 | sigma_f=1.000e+00 | sigma_y=1.000e-01
2026-01-30 10:29:29 | INFO | it=074 | x_next=[ 0.86389033 -0.76142389  2.        ] | y_next=2.081057e+00 | best_y=-1.790588e-01 | l_c=3.000e-01 | sigma_f=1.000e+00 | sigma_y=1.000e-01
2026-01-30 10:29:29 | INFO | it=075 | x_next=[-0.32524387 -2.         -2.        ] | y_next=1.131605e+01 | best_y=-1.790588e-01 | l_c=3.000e-01 | sigma_f=1.000e+00 | sigma_y=1.000e-01
2026-01-30 10:29:29 | INFO | it=076 | x_next=[ 2.          0.88286801 -2.        ] | y_next=1.183825e+01 | best_y=-1.790588e-01 | l_c=3.000e-01 | sigma_f=1.000e+00 | sigma_y=1.000e-01
2026-01-30 10:29:29 | INFO | it=077 | x_next=[ 0.56831541 -0.42800157  0.92080358] | y_next=-2.306929e-01 | best_y=-1.790588e-01 | l_c=3.000e-01 | sigma_f=1.000e+00 | sigma_y=1.000e-01
2026-01-30 10:29:29 | INFO | it=078 | x_next=[-1.01681393  0.50684013  0.43626547] | y_next=3.467167e+00 | best_y=-2.306929e-01 | l_c=3.000e-01 | sigma_f=1.000e+00 | sigma_y=1.000e-01
2026-01-30 10:29:29 | INFO | it=079 | x_next=[0.9373964  2.         0.38945095] | y_next=7.772576e+00 | best_y=-2.306929e-01 | l_c=3.000e-01 | sigma_f=1.000e+00 | sigma_y=1.000e-01
2026-01-30 10:29:29 | INFO | it=080 | x_next=[-0.82871964 -0.01333427 -2.        ] | y_next=8.335638e+00 | best_y=-2.306929e-01 | l_c=3.000e-01 | sigma_f=1.000e+00 | sigma_y=1.000e-01
2026-01-30 10:29:30 | INFO | it=081 | x_next=[ 0.34192085  2.         -1.02887198] | y_next=1.076698e+01 | best_y=-2.306929e-01 | l_c=3.000e-01 | sigma_f=1.000e+00 | sigma_y=1.000e-01
2026-01-30 10:29:30 | INFO | it=082 | x_next=[-0.09260176 -0.24261128  0.52938802] | y_next=2.264115e-01 | best_y=-2.306929e-01 | l_c=3.000e-01 | sigma_f=1.000e+00 | sigma_y=1.000e-01
2026-01-30 10:29:30 | INFO | it=083 | x_next=[-0.95664826 -0.10436122  1.21978451] | y_next=2.575991e+00 | best_y=-2.306929e-01 | l_c=3.000e-01 | sigma_f=1.000e+00 | sigma_y=1.000e-01
2026-01-30 10:29:30 | INFO | it=084 | x_next=[0.1916098  0.4815463  0.79854472] | y_next=1.186356e+00 | best_y=-2.306929e-01 | l_c=3.000e-01 | sigma_f=1.000e+00 | sigma_y=1.000e-01
2026-01-30 10:29:30 | INFO | it=085 | x_next=[-1.10882956 -1.39407101 -2.        ] | y_next=1.140856e+01 | best_y=-2.306929e-01 | l_c=3.000e-01 | sigma_f=1.000e+00 | sigma_y=1.000e-01
2026-01-30 10:29:30 | INFO | it=086 | x_next=[ 0.00808062 -1.31287342 -0.35021182] | y_next=2.927314e+00 | best_y=-2.306929e-01 | l_c=3.000e-01 | sigma_f=1.000e+00 | sigma_y=1.000e-01
2026-01-30 10:29:30 | INFO | it=087 | x_next=[ 0.87421496 -0.29037879  1.02336457] | y_next=3.745933e-02 | best_y=-2.306929e-01 | l_c=3.000e-01 | sigma_f=1.000e+00 | sigma_y=1.000e-01
2026-01-30 10:29:30 | INFO | it=088 | x_next=[ 0.42634118 -0.76041674  0.91395441] | y_next=2.124326e-01 | best_y=-2.306929e-01 | l_c=3.000e-01 | sigma_f=1.000e+00 | sigma_y=1.000e-01
2026-01-30 10:29:31 | INFO | it=089 | x_next=[ 2.         -1.04688055 -2.        ] | y_next=1.144832e+01 | best_y=-2.306929e-01 | l_c=3.000e-01 | sigma_f=1.000e+00 | sigma_y=1.000e-01
2026-01-30 10:29:31 | INFO | it=090 | x_next=[-1.00855596  1.0608651  -0.63028443] | y_next=6.419121e+00 | best_y=-2.306929e-01 | l_c=3.000e-01 | sigma_f=1.000e+00 | sigma_y=1.000e-01
2026-01-30 10:29:31 | INFO | it=091 | x_next=[-0.63371252 -0.36498876 -0.62628496] | y_next=2.981133e+00 | best_y=-2.306929e-01 | l_c=3.000e-01 | sigma_f=1.000e+00 | sigma_y=1.000e-01
2026-01-30 10:29:31 | INFO | it=092 | x_next=[-0.33141043 -1.50473039  0.67291617] | y_next=2.980428e+00 | best_y=-2.306929e-01 | l_c=3.000e-01 | sigma_f=1.000e+00 | sigma_y=1.000e-01
2026-01-30 10:29:31 | INFO | it=093 | x_next=[1.17435626 1.39635804 2.        ] | y_next=7.042351e+00 | best_y=-2.306929e-01 | l_c=3.000e-01 | sigma_f=1.000e+00 | sigma_y=1.000e-01
2026-01-30 10:29:31 | INFO | it=094 | x_next=[ 0.49168092  0.0606908  -1.26329773] | y_next=3.908392e+00 | best_y=-2.306929e-01 | l_c=3.000e-01 | sigma_f=1.000e+00 | sigma_y=1.000e-01
2026-01-30 10:29:31 | INFO | it=095 | x_next=[ 0.35675325 -1.19564742  1.28670658] | y_next=1.315509e+00 | best_y=-2.306929e-01 | l_c=3.000e-01 | sigma_f=1.000e+00 | sigma_y=1.000e-01
2026-01-30 10:29:31 | INFO | it=096 | x_next=[ 1.53858338 -0.54484835 -0.82301223] | y_next=3.307127e+00 | best_y=-2.306929e-01 | l_c=3.000e-01 | sigma_f=1.000e+00 | sigma_y=1.000e-01
2026-01-30 10:29:32 | INFO | it=097 | x_next=[ 2.         -2.          0.73857883] | y_next=7.441649e+00 | best_y=-2.306929e-01 | l_c=3.000e-01 | sigma_f=1.000e+00 | sigma_y=1.000e-01
2026-01-30 10:29:32 | INFO | it=098 | x_next=[ 0.80017102 -2.         -0.21711131] | y_next=5.459982e+00 | best_y=-2.306929e-01 | l_c=3.000e-01 | sigma_f=1.000e+00 | sigma_y=1.000e-01
2026-01-30 10:29:32 | INFO | it=099 | x_next=[ 2. -2.  2.] | y_next=1.416546e+01 | best_y=-2.306929e-01 | l_c=3.000e-01 | sigma_f=1.000e+00 | sigma_y=1.000e-01
2026-01-30 10:29:32 | INFO | it=100 | x_next=[-0.96504156  2.          2.        ] | y_next=1.303204e+01 | best_y=-2.306929e-01 | l_c=3.000e-01 | sigma_f=1.000e+00 | sigma_y=1.000e-01
2026-01-30 10:29:32 | INFO | it=101 | x_next=[ 1.04995134  0.37548459 -0.34053415] | y_next=1.728699e+00 | best_y=-2.306929e-01 | l_c=3.000e-01 | sigma_f=1.000e+00 | sigma_y=1.000e-01
2026-01-30 10:29:32 | INFO | it=102 | x_next=[ 1.21039779 -0.75340387  1.12730486] | y_next=1.300012e+00 | best_y=-2.306929e-01 | l_c=3.000e-01 | sigma_f=1.000e+00 | sigma_y=1.000e-01
2026-01-30 10:29:32 | INFO | it=103 | x_next=[2.         1.16168381 1.22204183] | y_next=6.567134e+00 | best_y=-2.306929e-01 | l_c=3.000e-01 | sigma_f=1.000e+00 | sigma_y=1.000e-01
2026-01-30 10:29:33 | INFO | it=104 | x_next=[ 0.38452316 -0.36278493  1.24589447] | y_next=5.699146e-02 | best_y=-2.306929e-01 | l_c=3.000e-01 | sigma_f=1.000e+00 | sigma_y=1.000e-01
2026-01-30 10:29:33 | INFO | it=105 | x_next=[ 0.64761093 -0.77517436  0.38088852] | y_next=3.909776e-01 | best_y=-2.306929e-01 | l_c=3.000e-01 | sigma_f=1.000e+00 | sigma_y=1.000e-01
2026-01-30 10:29:33 | INFO | it=106 | x_next=[0.07967505 0.61627644 2.        ] | y_next=2.283979e+00 | best_y=-2.306929e-01 | l_c=3.000e-01 | sigma_f=1.000e+00 | sigma_y=1.000e-01
2026-01-30 10:29:33 | INFO | it=107 | x_next=[ 1.03294322 -0.002241    0.74670378] | y_next=2.516689e-01 | best_y=-2.306929e-01 | l_c=3.000e-01 | sigma_f=1.000e+00 | sigma_y=1.000e-01
2026-01-30 10:29:33 | INFO | it=108 | x_next=[ 0.05705774 -0.60147909  0.59390344] | y_next=-1.530861e-01 | best_y=-2.306929e-01 | l_c=3.000e-01 | sigma_f=1.000e+00 | sigma_y=1.000e-01
2026-01-30 10:29:33 | INFO | it=109 | x_next=[-0.3130815  -0.64072348  0.52421857] | y_next=7.600375e-01 | best_y=-2.306929e-01 | l_c=3.000e-01 | sigma_f=1.000e+00 | sigma_y=1.000e-01
2026-01-30 10:29:33 | INFO | it=110 | x_next=[ 0.19550976 -0.4948144   0.82518016] | y_next=5.546643e-02 | best_y=-2.306929e-01 | l_c=3.000e-01 | sigma_f=1.000e+00 | sigma_y=1.000e-01
2026-01-30 10:29:34 | INFO | it=111 | x_next=[ 0.20589201 -0.4968876   0.35172469] | y_next=3.302732e-01 | best_y=-2.306929e-01 | l_c=3.000e-01 | sigma_f=1.000e+00 | sigma_y=1.000e-01
2026-01-30 10:29:34 | INFO | it=112 | x_next=[ 2.         -1.03598172 -0.07691537] | y_next=3.928837e+00 | best_y=-2.306929e-01 | l_c=3.000e-01 | sigma_f=1.000e+00 | sigma_y=1.000e-01
2026-01-30 10:29:34 | INFO | it=113 | x_next=[ 1.26671687  2.         -1.38625829] | y_next=1.376616e+01 | best_y=-2.306929e-01 | l_c=3.000e-01 | sigma_f=1.000e+00 | sigma_y=1.000e-01
2026-01-30 10:29:34 | INFO | it=114 | x_next=[ 0.57415979 -0.18617759  1.0329268 ] | y_next=2.230821e-01 | best_y=-2.306929e-01 | l_c=3.000e-01 | sigma_f=1.000e+00 | sigma_y=1.000e-01
2026-01-30 10:29:34 | INFO | it=115 | x_next=[ 1.21511907 -0.06435855  1.3366609 ] | y_next=4.439579e-01 | best_y=-2.306929e-01 | l_c=3.000e-01 | sigma_f=1.000e+00 | sigma_y=1.000e-01
2026-01-30 10:29:34 | INFO | it=116 | x_next=[-0.17632319  1.18502243  0.69917338] | y_next=3.794090e+00 | best_y=-2.306929e-01 | l_c=3.000e-01 | sigma_f=1.000e+00 | sigma_y=1.000e-01
2026-01-30 10:29:35 | INFO | it=117 | x_next=[ 0.57376614 -2.         -2.        ] | y_next=1.125189e+01 | best_y=-2.306929e-01 | l_c=3.000e-01 | sigma_f=1.000e+00 | sigma_y=1.000e-01
2026-01-30 10:29:35 | INFO | it=118 | x_next=[-0.32651709  0.04991096  0.04479691] | y_next=1.284946e+00 | best_y=-2.306929e-01 | l_c=3.000e-01 | sigma_f=1.000e+00 | sigma_y=1.000e-01
2026-01-30 10:29:35 | INFO | it=119 | x_next=[ 0.69489419 -0.40730292  0.76085152] | y_next=2.312335e-02 | best_y=-2.306929e-01 | l_c=3.000e-01 | sigma_f=1.000e+00 | sigma_y=1.000e-01
2026-01-30 10:29:35 | INFO | it=120 | x_next=[0.76888677 0.00214929 0.54665954] | y_next=5.043278e-02 | best_y=-2.306929e-01 | l_c=3.000e-01 | sigma_f=1.000e+00 | sigma_y=1.000e-01
2026-01-30 10:29:35 | INFO | it=121 | x_next=[ 1.12159019 -0.44345066  0.58969969] | y_next=2.702464e-01 | best_y=-2.306929e-01 | l_c=3.000e-01 | sigma_f=1.000e+00 | sigma_y=1.000e-01
2026-01-30 10:29:35 | INFO | it=122 | x_next=[ 0.26471389 -0.72908692  0.57923285] | y_next=-1.305682e-01 | best_y=-2.306929e-01 | l_c=3.000e-01 | sigma_f=1.000e+00 | sigma_y=1.000e-01
2026-01-30 10:29:35 | INFO | it=123 | x_next=[2.         0.1155851  1.51689333] | y_next=2.819500e+00 | best_y=-2.306929e-01 | l_c=3.000e-01 | sigma_f=1.000e+00 | sigma_y=1.000e-01
2026-01-30 10:29:35 | INFO | it=124 | x_next=[-0.39495703 -1.13682879  1.6247807 ] | y_next=2.342919e+00 | best_y=-2.306929e-01 | l_c=3.000e-01 | sigma_f=1.000e+00 | sigma_y=1.000e-01
2026-01-30 10:29:36 | INFO | it=125 | x_next=[2.         0.29410729 0.15234589] | y_next=2.948520e+00 | best_y=-2.306929e-01 | l_c=3.000e-01 | sigma_f=1.000e+00 | sigma_y=1.000e-01
2026-01-30 10:29:36 | INFO | it=126 | x_next=[ 0.28779875  0.56537063 -0.37264326] | y_next=1.947272e+00 | best_y=-2.306929e-01 | l_c=3.000e-01 | sigma_f=1.000e+00 | sigma_y=1.000e-01
2026-01-30 10:29:36 | INFO | it=127 | x_next=[ 0.58753584  0.67994549 -2.        ] | y_next=7.880452e+00 | best_y=-2.306929e-01 | l_c=3.000e-01 | sigma_f=1.000e+00 | sigma_y=1.000e-01
2026-01-30 10:29:36 | INFO | it=128 | x_next=[ 0.68808226 -0.36983437 -0.19817605] | y_next=7.697606e-01 | best_y=-2.306929e-01 | l_c=3.000e-01 | sigma_f=1.000e+00 | sigma_y=1.000e-01
2026-01-30 10:29:36 | INFO | it=129 | x_next=[ 1.00633401 -1.00852445 -1.24520397] | y_next=4.683177e+00 | best_y=-2.306929e-01 | l_c=3.000e-01 | sigma_f=1.000e+00 | sigma_y=1.000e-01
2026-01-30 10:29:36 | INFO | it=130 | x_next=[ 0.50912078 -0.52084958  1.08763757] | y_next=8.113081e-02 | best_y=-2.306929e-01 | l_c=3.000e-01 | sigma_f=1.000e+00 | sigma_y=1.000e-01
2026-01-30 10:29:36 | INFO | it=131 | x_next=[ 0.75719539 -0.17327241  1.52311789] | y_next=1.088798e-01 | best_y=-2.306929e-01 | l_c=3.000e-01 | sigma_f=1.000e+00 | sigma_y=1.000e-01
2026-01-30 10:29:37 | INFO | it=132 | x_next=[-0.51746685 -1.30570397 -0.96256133] | y_next=5.054502e+00 | best_y=-2.306929e-01 | l_c=3.000e-01 | sigma_f=1.000e+00 | sigma_y=1.000e-01
2026-01-30 10:29:37 | INFO | it=133 | x_next=[-0.23619304 -0.63638242 -2.        ] | y_next=7.024525e+00 | best_y=-2.306929e-01 | l_c=3.000e-01 | sigma_f=1.000e+00 | sigma_y=1.000e-01
2026-01-30 10:29:37 | INFO | it=134 | x_next=[ 0.69735193 -1.26890462  0.16480186] | y_next=1.804667e+00 | best_y=-2.306929e-01 | l_c=3.000e-01 | sigma_f=1.000e+00 | sigma_y=1.000e-01
2026-01-30 10:29:37 | INFO | it=135 | x_next=[0.57862121 2.         1.17952876] | y_next=8.163382e+00 | best_y=-2.306929e-01 | l_c=3.000e-01 | sigma_f=1.000e+00 | sigma_y=1.000e-01
2026-01-30 10:29:37 | INFO | it=136 | x_next=[ 1.00683199 -0.75038795  0.58944804] | y_next=4.556361e-01 | best_y=-2.306929e-01 | l_c=3.000e-01 | sigma_f=1.000e+00 | sigma_y=1.000e-01
2026-01-30 10:29:37 | INFO | it=137 | x_next=[-2.         -1.13343624 -0.52501407] | y_next=8.685602e+00 | best_y=-2.306929e-01 | l_c=3.000e-01 | sigma_f=1.000e+00 | sigma_y=1.000e-01
2026-01-30 10:29:37 | INFO | it=138 | x_next=[-0.26015271 -0.52941235  2.        ] | y_next=2.027333e+00 | best_y=-2.306929e-01 | l_c=3.000e-01 | sigma_f=1.000e+00 | sigma_y=1.000e-01
2026-01-30 10:29:38 | INFO | it=139 | x_next=[ 0.03383743 -0.22434729  1.34395465] | y_next=3.813328e-01 | best_y=-2.306929e-01 | l_c=3.000e-01 | sigma_f=1.000e+00 | sigma_y=1.000e-01
2026-01-30 10:29:38 | INFO | it=140 | x_next=[ 0.33148468 -0.45943729  1.55938743] | y_next=4.659965e-01 | best_y=-2.306929e-01 | l_c=3.000e-01 | sigma_f=1.000e+00 | sigma_y=1.000e-01
2026-01-30 10:29:38 | INFO | it=141 | x_next=[-0.89965071  2.          0.50264223] | y_next=9.980233e+00 | best_y=-2.306929e-01 | l_c=3.000e-01 | sigma_f=1.000e+00 | sigma_y=1.000e-01
2026-01-30 10:29:38 | INFO | it=142 | x_next=[ 1.04882007 -2.          0.61706932] | y_next=4.661515e+00 | best_y=-2.306929e-01 | l_c=3.000e-01 | sigma_f=1.000e+00 | sigma_y=1.000e-01
2026-01-30 10:29:38 | INFO | it=143 | x_next=[-1.40519644 -2.         -0.04264777] | y_next=8.640962e+00 | best_y=-2.306929e-01 | l_c=3.000e-01 | sigma_f=1.000e+00 | sigma_y=1.000e-01
2026-01-30 10:29:38 | INFO | it=144 | x_next=[-0.24083572  0.13418562  0.63775098] | y_next=6.468936e-01 | best_y=-2.306929e-01 | l_c=3.000e-01 | sigma_f=1.000e+00 | sigma_y=1.000e-01
2026-01-30 10:29:38 | INFO | it=145 | x_next=[0.72924099 0.15011243 1.66543296] | y_next=8.447566e-01 | best_y=-2.306929e-01 | l_c=3.000e-01 | sigma_f=1.000e+00 | sigma_y=1.000e-01
2026-01-30 10:29:39 | INFO | it=146 | x_next=[ 2.          2.         -0.83237597] | y_next=1.313400e+01 | best_y=-2.306929e-01 | l_c=3.000e-01 | sigma_f=1.000e+00 | sigma_y=1.000e-01
2026-01-30 10:29:39 | INFO | it=147 | x_next=[ 1.01736796 -0.34063368  1.44456875] | y_next=3.339703e-01 | best_y=-2.306929e-01 | l_c=3.000e-01 | sigma_f=1.000e+00 | sigma_y=1.000e-01
2026-01-30 10:29:39 | INFO | it=148 | x_next=[-0.30716097  0.54682278 -1.28307593] | y_next=5.243175e+00 | best_y=-2.306929e-01 | l_c=3.000e-01 | sigma_f=1.000e+00 | sigma_y=1.000e-01
2026-01-30 10:29:39 | INFO | it=149 | x_next=[ 0.22152812 -0.27801412 -0.43145582] | y_next=1.494916e+00 | best_y=-2.306929e-01 | l_c=3.000e-01 | sigma_f=1.000e+00 | sigma_y=1.000e-01
2026-01-30 10:29:39 | INFO | it=150 | x_next=[ 0.63734047 -0.72108876  0.74943917] | y_next=-8.420364e-02 | best_y=-2.306929e-01 | l_c=3.000e-01 | sigma_f=1.000e+00 | sigma_y=1.000e-01
2026-01-30 10:29:40 | INFO | it=151 | x_next=[ 0.22169515 -0.35420093  0.63351262] | y_next=2.720380e-03 | best_y=-2.306929e-01 | l_c=3.000e-01 | sigma_f=1.000e+00 | sigma_y=1.000e-01
2026-01-30 10:29:40 | INFO | it=152 | x_next=[-0.23310195 -0.36820908  0.88129055] | y_next=5.344948e-01 | best_y=-2.306929e-01 | l_c=3.000e-01 | sigma_f=1.000e+00 | sigma_y=1.000e-01
2026-01-30 10:29:40 | INFO | it=153 | x_next=[0.72313012 0.15084409 0.78669671] | y_next=2.079173e-01 | best_y=-2.306929e-01 | l_c=3.000e-01 | sigma_f=1.000e+00 | sigma_y=1.000e-01
2026-01-30 10:29:40 | INFO | it=154 | x_next=[-1.56361551 -1.0998305   1.33376574] | y_next=6.099182e+00 | best_y=-2.306929e-01 | l_c=3.000e-01 | sigma_f=1.000e+00 | sigma_y=1.000e-01
2026-01-30 10:29:40 | INFO | it=155 | x_next=[-1.14121277 -0.43462703 -0.06783461] | y_next=3.548770e+00 | best_y=-2.306929e-01 | l_c=3.000e-01 | sigma_f=1.000e+00 | sigma_y=1.000e-01
2026-01-30 10:29:40 | INFO | it=156 | x_next=[0.64375439 0.60178938 1.09223191] | y_next=1.494782e+00 | best_y=-2.306929e-01 | l_c=3.000e-01 | sigma_f=1.000e+00 | sigma_y=1.000e-01
2026-01-30 10:29:41 | INFO | it=157 | x_next=[-0.89769418 -0.0432811  -1.11567555] | y_next=5.235783e+00 | best_y=-2.306929e-01 | l_c=3.000e-01 | sigma_f=1.000e+00 | sigma_y=1.000e-01
2026-01-30 10:29:41 | INFO | it=158 | x_next=[ 0.01385298  2.         -0.29282045] | y_next=9.115473e+00 | best_y=-2.306929e-01 | l_c=3.000e-01 | sigma_f=1.000e+00 | sigma_y=1.000e-01
2026-01-30 10:29:41 | INFO | it=159 | x_next=[-1.66732406 -1.51564878 -1.25078129] | y_next=1.153929e+01 | best_y=-2.306929e-01 | l_c=3.000e-01 | sigma_f=1.000e+00 | sigma_y=1.000e-01
2026-01-30 10:29:41 | INFO | it=160 | x_next=[-0.45562192  0.55246627 -0.36314057] | y_next=2.943879e+00 | best_y=-2.306929e-01 | l_c=3.000e-01 | sigma_f=1.000e+00 | sigma_y=1.000e-01
2026-01-30 10:29:41 | INFO | it=161 | x_next=[0.20757775 1.22391792 2.        ] | y_next=4.663594e+00 | best_y=-2.306929e-01 | l_c=3.000e-01 | sigma_f=1.000e+00 | sigma_y=1.000e-01
2026-01-30 10:29:41 | INFO | it=162 | x_next=[ 1.19425705  1.167871   -0.45330478] | y_next=4.779697e+00 | best_y=-2.306929e-01 | l_c=3.000e-01 | sigma_f=1.000e+00 | sigma_y=1.000e-01
2026-01-30 10:29:41 | INFO | it=163 | x_next=[-0.4474668  -0.48581434  1.28439984] | y_next=1.208096e+00 | best_y=-2.306929e-01 | l_c=3.000e-01 | sigma_f=1.000e+00 | sigma_y=1.000e-01
2026-01-30 10:29:42 | INFO | it=164 | x_next=[ 0.31975685 -1.33181668  0.7777303 ] | y_next=1.696154e+00 | best_y=-2.306929e-01 | l_c=3.000e-01 | sigma_f=1.000e+00 | sigma_y=1.000e-01
2026-01-30 10:29:42 | INFO | it=165 | x_next=[ 0.02416713 -0.79585562  0.37616906] | y_next=4.813474e-01 | best_y=-2.306929e-01 | l_c=3.000e-01 | sigma_f=1.000e+00 | sigma_y=1.000e-01
2026-01-30 10:29:42 | INFO | it=166 | x_next=[ 0.41710356 -0.15012864  1.4875664 ] | y_next=5.372031e-01 | best_y=-2.306929e-01 | l_c=3.000e-01 | sigma_f=1.000e+00 | sigma_y=1.000e-01
2026-01-30 10:29:42 | INFO | it=167 | x_next=[-0.36618956  0.44991682  0.96828283] | y_next=2.027816e+00 | best_y=-2.306929e-01 | l_c=3.000e-01 | sigma_f=1.000e+00 | sigma_y=1.000e-01
2026-01-30 10:29:42 | INFO | it=168 | x_next=[ 0.79515616 -0.61742058  0.92353537] | y_next=3.041255e-01 | best_y=-2.306929e-01 | l_c=3.000e-01 | sigma_f=1.000e+00 | sigma_y=1.000e-01
2026-01-30 10:29:43 | INFO | it=169 | x_next=[ 0.90959729 -0.23434942  0.69007865] | y_next=-2.479176e-01 | best_y=-2.306929e-01 | l_c=3.000e-01 | sigma_f=1.000e+00 | sigma_y=1.000e-01
2026-01-30 10:29:43 | INFO | it=170 | x_next=[ 1.16158502 -0.20385578 -0.23186195] | y_next=1.405799e+00 | best_y=-2.479176e-01 | l_c=3.000e-01 | sigma_f=1.000e+00 | sigma_y=1.000e-01
2026-01-30 10:29:43 | INFO | it=171 | x_next=[ 0.4230038  -0.60937144  0.73787399] | y_next=-2.029529e-02 | best_y=-2.479176e-01 | l_c=3.000e-01 | sigma_f=1.000e+00 | sigma_y=1.000e-01
2026-01-30 10:29:43 | INFO | it=172 | x_next=[2.         2.         0.84917386] | y_next=1.126260e+01 | best_y=-2.479176e-01 | l_c=3.000e-01 | sigma_f=1.000e+00 | sigma_y=1.000e-01
2026-01-30 10:29:43 | INFO | it=173 | x_next=[0.11085693 0.14377319 0.3575462 ] | y_next=6.225709e-01 | best_y=-2.479176e-01 | l_c=3.000e-01 | sigma_f=1.000e+00 | sigma_y=1.000e-01
2026-01-30 10:29:43 | INFO | it=174 | x_next=[-0.5093636   2.         -1.47283949] | y_next=1.336873e+01 | best_y=-2.479176e-01 | l_c=3.000e-01 | sigma_f=1.000e+00 | sigma_y=1.000e-01
2026-01-30 10:29:44 | INFO | it=175 | x_next=[1.42976459 0.65708064 0.59638669] | y_next=2.293684e+00 | best_y=-2.479176e-01 | l_c=3.000e-01 | sigma_f=1.000e+00 | sigma_y=1.000e-01
2026-01-30 10:29:44 | INFO | it=176 | x_next=[ 0.85052432 -0.29269707  0.57371128] | y_next=-6.972368e-02 | best_y=-2.479176e-01 | l_c=3.000e-01 | sigma_f=1.000e+00 | sigma_y=1.000e-01
2026-01-30 10:29:44 | INFO | it=177 | x_next=[ 0.51759466 -0.26006632  0.28278292] | y_next=3.222223e-01 | best_y=-2.479176e-01 | l_c=3.000e-01 | sigma_f=1.000e+00 | sigma_y=1.000e-01
2026-01-30 10:29:44 | INFO | it=178 | x_next=[ 0.86805116 -0.16071622  0.81249013] | y_next=-2.438222e-02 | best_y=-2.479176e-01 | l_c=3.000e-01 | sigma_f=1.000e+00 | sigma_y=1.000e-01
2026-01-30 10:29:44 | INFO | it=179 | x_next=[ 0.07117464 -0.81341941  0.67780927] | y_next=3.066283e-01 | best_y=-2.479176e-01 | l_c=3.000e-01 | sigma_f=1.000e+00 | sigma_y=1.000e-01
2026-01-30 10:29:44 | INFO | it=180 | x_next=[ 2.         -2.         -0.39455557] | y_next=7.613047e+00 | best_y=-2.479176e-01 | l_c=3.000e-01 | sigma_f=1.000e+00 | sigma_y=1.000e-01
2026-01-30 10:29:44 | INFO | it=181 | x_next=[-2.          0.14828178 -0.94024731] | y_next=9.083710e+00 | best_y=-2.479176e-01 | l_c=3.000e-01 | sigma_f=1.000e+00 | sigma_y=1.000e-01
2026-01-30 10:29:45 | INFO | it=182 | x_next=[ 0.11645117 -0.61778955  1.31703037] | y_next=4.615734e-01 | best_y=-2.479176e-01 | l_c=3.000e-01 | sigma_f=1.000e+00 | sigma_y=1.000e-01
2026-01-30 10:29:45 | INFO | it=183 | x_next=[ 0.48425179 -0.87406077  0.61507555] | y_next=2.516251e-01 | best_y=-2.479176e-01 | l_c=3.000e-01 | sigma_f=1.000e+00 | sigma_y=1.000e-01
2026-01-30 10:29:45 | INFO | it=184 | x_next=[-1.21515419  1.10529726  2.        ] | y_next=7.986981e+00 | best_y=-2.479176e-01 | l_c=3.000e-01 | sigma_f=1.000e+00 | sigma_y=1.000e-01
2026-01-30 10:29:45 | INFO | it=185 | x_next=[1.35881879 0.4387258  2.        ] | y_next=2.780493e+00 | best_y=-2.479176e-01 | l_c=3.000e-01 | sigma_f=1.000e+00 | sigma_y=1.000e-01
2026-01-30 10:29:45 | INFO | it=186 | x_next=[ 0.82707875 -1.12888835  1.40617821] | y_next=1.864586e+00 | best_y=-2.479176e-01 | l_c=3.000e-01 | sigma_f=1.000e+00 | sigma_y=1.000e-01
2026-01-30 10:29:45 | INFO | it=187 | x_next=[-2.  2. -2.] | y_next=2.694804e+01 | best_y=-2.479176e-01 | l_c=3.000e-01 | sigma_f=1.000e+00 | sigma_y=1.000e-01
2026-01-30 10:29:46 | INFO | it=188 | x_next=[-1.53740563  1.08947649 -0.02529632] | y_next=7.883295e+00 | best_y=-2.479176e-01 | l_c=3.000e-01 | sigma_f=1.000e+00 | sigma_y=1.000e-01
2026-01-30 10:29:46 | INFO | it=189 | x_next=[ 2.         -0.02213449 -2.        ] | y_next=8.882978e+00 | best_y=-2.479176e-01 | l_c=3.000e-01 | sigma_f=1.000e+00 | sigma_y=1.000e-01
2026-01-30 10:29:46 | INFO | it=190 | x_next=[ 0.71054825 -0.32745764  1.32440099] | y_next=1.138605e-01 | best_y=-2.479176e-01 | l_c=3.000e-01 | sigma_f=1.000e+00 | sigma_y=1.000e-01
2026-01-30 10:29:46 | INFO | it=191 | x_next=[-0.23669105  0.07016436  1.49305127] | y_next=6.930734e-01 | best_y=-2.479176e-01 | l_c=3.000e-01 | sigma_f=1.000e+00 | sigma_y=1.000e-01
2026-01-30 10:29:46 | INFO | it=192 | x_next=[ 2.         -0.75645553  1.18175327] | y_next=3.100810e+00 | best_y=-2.479176e-01 | l_c=3.000e-01 | sigma_f=1.000e+00 | sigma_y=1.000e-01
2026-01-30 10:29:46 | INFO | it=193 | x_next=[0.35865822 0.46695495 0.28785693] | y_next=1.144863e+00 | best_y=-2.479176e-01 | l_c=3.000e-01 | sigma_f=1.000e+00 | sigma_y=1.000e-01
2026-01-30 10:29:47 | INFO | it=194 | x_next=[ 1.62523342 -0.18707588  0.54307924] | y_next=1.313281e+00 | best_y=-2.479176e-01 | l_c=3.000e-01 | sigma_f=1.000e+00 | sigma_y=1.000e-01
2026-01-30 10:29:47 | INFO | it=195 | x_next=[ 1.05795658 -0.31766304  0.82677157] | y_next=2.113027e-01 | best_y=-2.479176e-01 | l_c=3.000e-01 | sigma_f=1.000e+00 | sigma_y=1.000e-01
2026-01-30 10:29:47 | INFO | it=196 | x_next=[-0.45276367 -0.16220005  0.61272493] | y_next=7.093009e-01 | best_y=-2.479176e-01 | l_c=3.000e-01 | sigma_f=1.000e+00 | sigma_y=1.000e-01
2026-01-30 10:29:47 | INFO | it=197 | x_next=[-0.51051833 -2.          0.45869237] | y_next=5.252349e+00 | best_y=-2.479176e-01 | l_c=3.000e-01 | sigma_f=1.000e+00 | sigma_y=1.000e-01
2026-01-30 10:29:47 | INFO | it=198 | x_next=[ 1.39093624 -2.          1.3431668 ] | y_next=6.911269e+00 | best_y=-2.479176e-01 | l_c=3.000e-01 | sigma_f=1.000e+00 | sigma_y=1.000e-01
2026-01-30 10:29:47 | INFO | it=199 | x_next=[ 0.92145465 -0.09059649  1.33646124] | y_next=2.128947e-01 | best_y=-2.479176e-01 | l_c=3.000e-01 | sigma_f=1.000e+00 | sigma_y=1.000e-01
