2026-07-01 16:10:02 | INFO | Starting Bayesian Optimization
2026-07-01 16:10:02 | INFO | Bounds: [(-2.0, 2.0)]
2026-07-01 16:10:02 | INFO | BOConfig: BOConfig(n_init=5, n_iter=20, random_state=1234, export_every=None, init_sampling='uniform')
2026-07-01 16:10:02 | INFO | GPConfig: GPConfig(l_c=0.3, sigma_f=1.0, sigma_y=0.1, jitter=1e-10, optimize_hyperparams=False, hpo_every=1, theta0_log=None, theta_bounds_log=None, rank1_threshold=0, n_hpo_restarts=3, kernel='rbf', normalize_y=False)
2026-07-01 16:10:02 | INFO | AcqConfig: AcqConfig(kind='EI', xi=0.01, kappa=2.0, maximize=False)
2026-07-01 16:10:02 | INFO | OptimConfig: OptimConfig(method='random', global_method='random', optimizer='L-BFGS-B', n_raw_samples=2000, grid_n_per_dim=20, n_restarts=10, local_maxiter=200)
2026-07-01 16:10:02 | INFO | Random seed: 1234
2026-07-01 16:10:02 | INFO | it=000 | x_next=[-0.0993184] | y_next=-5.563273e-01 | best_y=-2.737373e-01 | l_c=3.000e-01 | sigma_f=1.000e+00 | sigma_y=1.000e-01
2026-07-01 16:10:02 | INFO | it=001 | x_next=[0.39650624] | y_next=8.135347e-01 | best_y=-5.563273e-01 | l_c=3.000e-01 | sigma_f=1.000e+00 | sigma_y=1.000e-01
2026-07-01 16:10:02 | INFO | it=002 | x_next=[-1.65755013] | y_next=1.309390e-01 | best_y=-5.563273e-01 | l_c=3.000e-01 | sigma_f=1.000e+00 | sigma_y=1.000e-01
2026-07-01 16:10:02 | INFO | it=003 | x_next=[1.09728441] | y_next=-1.640207e-01 | best_y=-5.563273e-01 | l_c=3.000e-01 | sigma_f=1.000e+00 | sigma_y=1.000e-01
2026-07-01 16:10:02 | INFO | it=004 | x_next=[-0.23292288] | y_next=-9.242736e-01 | best_y=-5.563273e-01 | l_c=3.000e-01 | sigma_f=1.000e+00 | sigma_y=1.000e-01
2026-07-01 16:10:02 | INFO | it=005 | x_next=[-1.99961542] | y_next=-2.038517e-02 | best_y=-9.242736e-01 | l_c=3.000e-01 | sigma_f=1.000e+00 | sigma_y=1.000e-01
2026-07-01 16:10:02 | INFO | it=006 | x_next=[0.81446553] | y_next=-2.425655e-01 | best_y=-9.242736e-01 | l_c=3.000e-01 | sigma_f=1.000e+00 | sigma_y=1.000e-01
2026-07-01 16:10:02 | INFO | it=007 | x_next=[-0.25104633] | y_next=-8.994773e-01 | best_y=-9.242736e-01 | l_c=3.000e-01 | sigma_f=1.000e+00 | sigma_y=1.000e-01
2026-07-01 16:10:02 | INFO | it=008 | x_next=[-0.24904541] | y_next=-7.955174e-01 | best_y=-9.242736e-01 | l_c=3.000e-01 | sigma_f=1.000e+00 | sigma_y=1.000e-01
2026-07-01 16:10:02 | INFO | it=009 | x_next=[-1.32537227] | y_next=1.010637e-02 | best_y=-9.242736e-01 | l_c=3.000e-01 | sigma_f=1.000e+00 | sigma_y=1.000e-01
2026-07-01 16:10:02 | INFO | it=010 | x_next=[-0.24848418] | y_next=-9.864479e-01 | best_y=-9.242736e-01 | l_c=3.000e-01 | sigma_f=1.000e+00 | sigma_y=1.000e-01
2026-07-01 16:10:02 | INFO | it=011 | x_next=[1.37403296] | y_next=-9.258138e-02 | best_y=-9.864479e-01 | l_c=3.000e-01 | sigma_f=1.000e+00 | sigma_y=1.000e-01
2026-07-01 16:10:02 | INFO | it=012 | x_next=[-0.25200592] | y_next=-9.767155e-01 | best_y=-9.864479e-01 | l_c=3.000e-01 | sigma_f=1.000e+00 | sigma_y=1.000e-01
2026-07-01 16:10:02 | INFO | it=013 | x_next=[-0.25275562] | y_next=-1.001186e+00 | best_y=-9.864479e-01 | l_c=3.000e-01 | sigma_f=1.000e+00 | sigma_y=1.000e-01
2026-07-01 16:10:02 | INFO | it=014 | x_next=[-0.25412271] | y_next=-8.539529e-01 | best_y=-1.001186e+00 | l_c=3.000e-01 | sigma_f=1.000e+00 | sigma_y=1.000e-01
2026-07-01 16:10:02 | INFO | it=015 | x_next=[-0.2541382] | y_next=-8.114890e-01 | best_y=-1.001186e+00 | l_c=3.000e-01 | sigma_f=1.000e+00 | sigma_y=1.000e-01
2026-07-01 16:10:02 | INFO | it=016 | x_next=[-0.2515744] | y_next=-8.442368e-01 | best_y=-1.001186e+00 | l_c=3.000e-01 | sigma_f=1.000e+00 | sigma_y=1.000e-01
2026-07-01 16:10:02 | INFO | it=017 | x_next=[-0.20261938] | y_next=-9.505967e-01 | best_y=-1.001186e+00 | l_c=3.000e-01 | sigma_f=1.000e+00 | sigma_y=1.000e-01
2026-07-01 16:10:02 | INFO | it=018 | x_next=[-0.20286808] | y_next=-9.288849e-01 | best_y=-1.001186e+00 | l_c=3.000e-01 | sigma_f=1.000e+00 | sigma_y=1.000e-01
2026-07-01 16:10:02 | INFO | it=019 | x_next=[-0.2671307] | y_next=-8.666660e-01 | best_y=-1.001186e+00 | l_c=3.000e-01 | sigma_f=1.000e+00 | sigma_y=1.000e-01
