2026-01-29 14:10:29 | INFO | Bounds: [(-2, 2)]
2026-01-29 14:10:29 | INFO | BOConfig: BOConfig(n_init=5, n_iter=15, random_state=None, export_every=None, init_sampling='uniform')
2026-01-29 14:10:29 | INFO | GPConfig: GPConfig(l_c=0.3, sigma_f=1.0, sigma_y=0.1, jitter=1e-10, optimize_hyperparams=False, hpo_every=1, theta0_log=None, theta_bounds_log=None)
2026-01-29 14:10:29 | INFO | AcqConfig: AcqConfig(kind='EI', xi=0.01, kappa=2.0, maximize=False)
2026-01-29 14:10:29 | INFO | OptimConfig: OptimConfig(method='random', global_method='random', optimizer='L-BFGS-B', n_raw_samples=2000, grid_n_per_dim=20, n_restarts=10, local_maxiter=200)
2026-01-29 14:10:29 | INFO | Random seed: None
2026-01-29 14:10:29 | INFO | it=000 | x_next=[0.00572977] | y_next=1.670066e-01 | best_y=-6.482786e-01 | l_c=3.000e-01 | sigma_f=1.000e+00 | sigma_y=1.000e-01
2026-01-29 14:10:31 | INFO | it=001 | x_next=[1.85968489] | y_next=-5.517804e-02 | best_y=-6.482786e-01 | l_c=3.000e-01 | sigma_f=1.000e+00 | sigma_y=1.000e-01
2026-01-29 14:10:31 | INFO | it=002 | x_next=[-1.44474439] | y_next=6.934857e-02 | best_y=-6.482786e-01 | l_c=3.000e-01 | sigma_f=1.000e+00 | sigma_y=1.000e-01
2026-01-29 14:10:32 | INFO | it=003 | x_next=[1.44153153] | y_next=1.178936e-01 | best_y=-6.482786e-01 | l_c=3.000e-01 | sigma_f=1.000e+00 | sigma_y=1.000e-01
2026-01-29 14:10:33 | INFO | it=004 | x_next=[-0.46957115] | y_next=-6.565195e-01 | best_y=-6.482786e-01 | l_c=3.000e-01 | sigma_f=1.000e+00 | sigma_y=1.000e-01
2026-01-29 14:10:34 | INFO | it=005 | x_next=[0.58817332] | y_next=4.803158e-02 | best_y=-6.565195e-01 | l_c=3.000e-01 | sigma_f=1.000e+00 | sigma_y=1.000e-01
2026-01-29 14:10:35 | INFO | it=006 | x_next=[-0.39769261] | y_next=-7.309430e-01 | best_y=-6.565195e-01 | l_c=3.000e-01 | sigma_f=1.000e+00 | sigma_y=1.000e-01
2026-01-29 14:10:37 | INFO | it=007 | x_next=[-0.3990692] | y_next=-7.202560e-01 | best_y=-7.309430e-01 | l_c=3.000e-01 | sigma_f=1.000e+00 | sigma_y=1.000e-01
2026-01-29 14:10:38 | INFO | it=008 | x_next=[-0.40090447] | y_next=-8.774861e-01 | best_y=-7.309430e-01 | l_c=3.000e-01 | sigma_f=1.000e+00 | sigma_y=1.000e-01
2026-01-29 14:10:38 | INFO | it=009 | x_next=[1.9994048] | y_next=-3.675381e-02 | best_y=-8.774861e-01 | l_c=3.000e-01 | sigma_f=1.000e+00 | sigma_y=1.000e-01
2026-01-29 14:10:39 | INFO | it=010 | x_next=[-1.17279026] | y_next=2.293022e-01 | best_y=-8.774861e-01 | l_c=3.000e-01 | sigma_f=1.000e+00 | sigma_y=1.000e-01
2026-01-29 14:10:40 | INFO | it=011 | x_next=[0.33192852] | y_next=8.864320e-01 | best_y=-8.774861e-01 | l_c=3.000e-01 | sigma_f=1.000e+00 | sigma_y=1.000e-01
2026-01-29 14:10:41 | INFO | it=012 | x_next=[0.8063857] | y_next=-3.956663e-01 | best_y=-8.774861e-01 | l_c=3.000e-01 | sigma_f=1.000e+00 | sigma_y=1.000e-01
2026-01-29 14:10:42 | INFO | it=013 | x_next=[-0.29775818] | y_next=-9.297865e-01 | best_y=-8.774861e-01 | l_c=3.000e-01 | sigma_f=1.000e+00 | sigma_y=1.000e-01
2026-01-29 14:10:43 | INFO | it=014 | x_next=[-0.28308961] | y_next=-1.036654e+00 | best_y=-9.297865e-01 | l_c=3.000e-01 | sigma_f=1.000e+00 | sigma_y=1.000e-01
