2026-04-28 11:19:28 | INFO | Bounds: [(-10.0, 10.0)]
2026-04-28 11:19:28 | INFO | BOConfig: BOConfig(n_init=10, n_iter=100, init_sampling='lhs', random_state=1234)
2026-04-28 11:19:28 | INFO | GPConfig: GPConfig(l_c=0.2, sigma_f=1.0, sigma_y=0.001, jitter=1e-10, optimize_hyperparams=True, hpo_every=10, theta0_log=None, theta_bounds_log=None, rank_one=True, rank_one_threshold=1000)
2026-04-28 11:19:28 | INFO | AcqConfig: AcqConfig(kind='EI', xi=0.01, kappa=2.0, maximize=False)
2026-04-28 11:19:28 | INFO | OptimConfig: OptimConfig(method='random', global_method='refine', optimizer='L-BFGS-B', n_raw_samples=2000, grid_n_per_dim=20, n_restarts=10, local_maxiter=200)
2026-04-28 11:19:28 | INFO | SaveConfig: SaveConfig(out_path='./sinus_1D_large_scale_out\\2026-04-28_11-19-28', log_enabled=True, log_filename='log.log', export_enabled=False, export_filename='experiment.h5', export_every=1, plt_state_enabled=True, plt_conv_enabled=True, plt_hist_enabled=True, plt_MLE_conv_enbable=True, plt_all=True, plot_every=10, dpi=250)
2026-04-28 11:19:28 | INFO | Random seed: 1234
2026-04-28 11:19:28 | INFO | it  |    x_next     |      y_next     |      best_y     |    l_c    |  sigma_f  |  sigma_y
2026-04-28 11:19:28 | INFO | -----------------------------------------------------------------------------------------------
2026-04-28 11:19:30 | INFO | 000 |  -1.933403e+00 |  -7.059319e+01 |  -5.750826e+01 |    1.031e-01 |    1.206e+00 |    1.009e-03
2026-04-28 11:19:30 | INFO | 001 |  -9.991186e+00 |  -5.061075e+01 |  -7.059319e+01 |    1.031e-01 |    1.206e+00 |    1.009e-03
2026-04-28 11:19:30 | INFO | 002 |  -1.935838e+00 |  -7.057509e+01 |  -7.059319e+01 |    1.031e-01 |    1.206e+00 |    1.009e-03
2026-04-28 11:19:30 | INFO | 003 |  -1.941682e+00 |  -7.072629e+01 |  -7.059319e+01 |    1.031e-01 |    1.206e+00 |    1.009e-03
2026-04-28 11:19:30 | INFO | 004 |  -1.944589e+00 |  -7.071267e+01 |  -7.072629e+01 |    1.031e-01 |    1.206e+00 |    1.009e-03
2026-04-28 11:19:30 | INFO | 005 |  -1.954442e+00 |  -7.072140e+01 |  -7.072629e+01 |    1.031e-01 |    1.206e+00 |    1.009e-03
2026-04-28 11:19:30 | INFO | 006 |  -1.942995e+00 |  -7.080645e+01 |  -7.072629e+01 |    1.031e-01 |    1.206e+00 |    1.009e-03
2026-04-28 11:19:30 | INFO | 007 |   8.246357e+00 |   5.059634e+00 |  -7.080645e+01 |    1.031e-01 |    1.206e+00 |    1.009e-03
2026-04-28 11:19:30 | INFO | 008 |  -1.955833e+00 |  -7.086640e+01 |  -7.080645e+01 |    1.031e-01 |    1.206e+00 |    1.009e-03
2026-04-28 11:19:30 | INFO | 009 |  -1.995688e+00 |  -7.070048e+01 |  -7.086640e+01 |    1.031e-01 |    1.206e+00 |    1.009e-03
2026-04-28 11:19:30 | INFO | 010 |  -1.945182e+00 |  -7.072136e+01 |  -7.086640e+01 |    1.354e-01 |    1.729e+00 |    1.842e-03
2026-04-28 11:19:30 | INFO | 011 |  -1.946076e+00 |  -7.065988e+01 |  -7.086640e+01 |    1.354e-01 |    1.729e+00 |    1.842e-03
2026-04-28 11:19:30 | INFO | 012 |  -1.944050e+00 |  -7.066212e+01 |  -7.086640e+01 |    1.354e-01 |    1.729e+00 |    1.842e-03
2026-04-28 11:19:30 | INFO | 013 |  -1.945423e+00 |  -7.062158e+01 |  -7.086640e+01 |    1.354e-01 |    1.729e+00 |    1.842e-03
2026-04-28 11:19:30 | INFO | 014 |  -1.938329e+00 |  -7.083704e+01 |  -7.086640e+01 |    1.354e-01 |    1.729e+00 |    1.842e-03
2026-04-28 11:19:30 | INFO | 015 |  -1.952068e+00 |  -7.053662e+01 |  -7.086640e+01 |    1.354e-01 |    1.729e+00 |    1.842e-03
2026-04-28 11:19:30 | INFO | 016 |  -1.941309e+00 |  -7.082599e+01 |  -7.086640e+01 |    1.354e-01 |    1.729e+00 |    1.842e-03
2026-04-28 11:19:30 | INFO | 017 |  -1.945553e+00 |  -7.065990e+01 |  -7.086640e+01 |    1.354e-01 |    1.729e+00 |    1.842e-03
2026-04-28 11:19:30 | INFO | 018 |  -1.945726e+00 |  -7.082453e+01 |  -7.086640e+01 |    1.354e-01 |    1.729e+00 |    1.842e-03
2026-04-28 11:19:30 | INFO | 019 |  -1.923713e+00 |  -7.060980e+01 |  -7.086640e+01 |    1.354e-01 |    1.729e+00 |    1.842e-03
2026-04-28 11:19:32 | INFO | 020 |  -1.947933e+00 |  -7.064355e+01 |  -7.086640e+01 |    1.375e-01 |    2.029e+00 |    2.030e-03
2026-04-28 11:19:32 | INFO | 021 |  -1.941607e+00 |  -7.083657e+01 |  -7.086640e+01 |    1.375e-01 |    2.029e+00 |    2.030e-03
2026-04-28 11:19:32 | INFO | 022 |  -1.948057e+00 |  -7.068434e+01 |  -7.086640e+01 |    1.375e-01 |    2.029e+00 |    2.030e-03
2026-04-28 11:19:32 | INFO | 023 |  -1.946942e+00 |  -7.076587e+01 |  -7.086640e+01 |    1.375e-01 |    2.029e+00 |    2.030e-03
2026-04-28 11:19:32 | INFO | 024 |  -1.935045e+00 |  -7.067776e+01 |  -7.086640e+01 |    1.375e-01 |    2.029e+00 |    2.030e-03
2026-04-28 11:19:32 | INFO | 025 |  -1.948535e+00 |  -7.083288e+01 |  -7.086640e+01 |    1.375e-01 |    2.029e+00 |    2.030e-03
2026-04-28 11:19:32 | INFO | 026 |  -1.946463e+00 |  -7.056488e+01 |  -7.086640e+01 |    1.375e-01 |    2.029e+00 |    2.030e-03
2026-04-28 11:19:32 | INFO | 027 |  -1.933713e+00 |  -7.058875e+01 |  -7.086640e+01 |    1.375e-01 |    2.029e+00 |    2.030e-03
2026-04-28 11:19:32 | INFO | 028 |  -1.952999e+00 |  -7.075322e+01 |  -7.086640e+01 |    1.375e-01 |    2.029e+00 |    2.030e-03
2026-04-28 11:19:32 | INFO | 029 |  -1.950935e+00 |  -7.061771e+01 |  -7.086640e+01 |    1.375e-01 |    2.029e+00 |    2.030e-03
2026-04-28 11:19:33 | INFO | 030 |  -1.942650e+00 |  -7.054893e+01 |  -7.086640e+01 |    1.380e-01 |    2.274e+00 |    2.201e-03
2026-04-28 11:19:33 | INFO | 031 |  -1.943581e+00 |  -7.068214e+01 |  -7.086640e+01 |    1.380e-01 |    2.274e+00 |    2.201e-03
2026-04-28 11:19:33 | INFO | 032 |  -1.946570e+00 |  -7.078334e+01 |  -7.086640e+01 |    1.380e-01 |    2.274e+00 |    2.201e-03
2026-04-28 11:19:33 | INFO | 033 |  -1.948157e+00 |  -7.074516e+01 |  -7.086640e+01 |    1.380e-01 |    2.274e+00 |    2.201e-03
2026-04-28 11:19:33 | INFO | 034 |  -1.951128e+00 |  -7.092099e+01 |  -7.086640e+01 |    1.380e-01 |    2.274e+00 |    2.201e-03
2026-04-28 11:19:33 | INFO | 035 |  -1.960615e+00 |  -7.073072e+01 |  -7.092099e+01 |    1.380e-01 |    2.274e+00 |    2.201e-03
2026-04-28 11:19:33 | INFO | 036 |  -1.943425e+00 |  -7.067733e+01 |  -7.092099e+01 |    1.380e-01 |    2.274e+00 |    2.201e-03
2026-04-28 11:19:33 | INFO | 037 |  -1.946230e+00 |  -7.064651e+01 |  -7.092099e+01 |    1.380e-01 |    2.274e+00 |    2.201e-03
2026-04-28 11:19:33 | INFO | 038 |  -1.940851e+00 |  -7.080371e+01 |  -7.092099e+01 |    1.380e-01 |    2.274e+00 |    2.201e-03
2026-04-28 11:19:33 | INFO | 039 |  -1.951839e+00 |  -7.076853e+01 |  -7.092099e+01 |    1.380e-01 |    2.274e+00 |    2.201e-03
2026-04-28 11:19:34 | INFO | 040 |  -1.942753e+00 |  -7.052336e+01 |  -7.092099e+01 |    1.394e-01 |    2.580e+00 |    2.407e-03
2026-04-28 11:19:34 | INFO | 041 |  -1.946789e+00 |  -7.048031e+01 |  -7.092099e+01 |    1.394e-01 |    2.580e+00 |    2.407e-03
2026-04-28 11:19:34 | INFO | 042 |  -1.963916e+00 |  -7.071650e+01 |  -7.092099e+01 |    1.394e-01 |    2.580e+00 |    2.407e-03
2026-04-28 11:19:34 | INFO | 043 |  -1.960715e+00 |  -7.069894e+01 |  -7.092099e+01 |    1.394e-01 |    2.580e+00 |    2.407e-03
2026-04-28 11:19:34 | INFO | 044 |  -1.947680e+00 |  -7.064888e+01 |  -7.092099e+01 |    1.394e-01 |    2.580e+00 |    2.407e-03
2026-04-28 11:19:34 | INFO | 045 |  -1.952846e+00 |  -7.076261e+01 |  -7.092099e+01 |    1.394e-01 |    2.580e+00 |    2.407e-03
2026-04-28 11:19:34 | INFO | 046 |  -1.941523e+00 |  -7.073926e+01 |  -7.092099e+01 |    1.394e-01 |    2.580e+00 |    2.407e-03
2026-04-28 11:19:34 | INFO | 047 |  -1.949704e+00 |  -7.080962e+01 |  -7.092099e+01 |    1.394e-01 |    2.580e+00 |    2.407e-03
2026-04-28 11:19:34 | INFO | 048 |  -1.943673e+00 |  -7.072733e+01 |  -7.092099e+01 |    1.394e-01 |    2.580e+00 |    2.407e-03
2026-04-28 11:19:34 | INFO | 049 |  -1.933936e+00 |  -7.065586e+01 |  -7.092099e+01 |    1.394e-01 |    2.580e+00 |    2.407e-03
2026-04-28 11:19:36 | INFO | 050 |  -1.955773e+00 |  -7.073232e+01 |  -7.092099e+01 |    1.381e-01 |    2.657e+00 |    2.629e-03
2026-04-28 11:19:36 | INFO | 051 |  -1.949048e+00 |  -7.078352e+01 |  -7.092099e+01 |    1.381e-01 |    2.657e+00 |    2.629e-03
2026-04-28 11:19:36 | INFO | 052 |  -1.959142e+00 |  -7.073340e+01 |  -7.092099e+01 |    1.381e-01 |    2.657e+00 |    2.629e-03
2026-04-28 11:19:36 | INFO | 053 |  -1.949410e+00 |  -7.080954e+01 |  -7.092099e+01 |    1.381e-01 |    2.657e+00 |    2.629e-03
2026-04-28 11:19:36 | INFO | 054 |  -1.958074e+00 |  -7.079197e+01 |  -7.092099e+01 |    1.381e-01 |    2.657e+00 |    2.629e-03
2026-04-28 11:19:36 | INFO | 055 |  -1.961012e+00 |  -7.057515e+01 |  -7.092099e+01 |    1.381e-01 |    2.657e+00 |    2.629e-03
2026-04-28 11:19:36 | INFO | 056 |  -1.945057e+00 |  -7.092286e+01 |  -7.092099e+01 |    1.381e-01 |    2.657e+00 |    2.629e-03
2026-04-28 11:19:36 | INFO | 057 |  -1.938157e+00 |  -7.061435e+01 |  -7.092286e+01 |    1.381e-01 |    2.657e+00 |    2.629e-03
2026-04-28 11:19:36 | INFO | 058 |  -1.952262e+00 |  -7.074481e+01 |  -7.092286e+01 |    1.381e-01 |    2.657e+00 |    2.629e-03
2026-04-28 11:19:36 | INFO | 059 |  -1.945933e+00 |  -7.073855e+01 |  -7.092286e+01 |    1.381e-01 |    2.657e+00 |    2.629e-03
2026-04-28 11:19:37 | INFO | 060 |  -1.946897e+00 |  -7.068571e+01 |  -7.092286e+01 |    1.387e-01 |    2.908e+00 |    2.835e-03
2026-04-28 11:19:37 | INFO | 061 |  -1.951329e+00 |  -7.075950e+01 |  -7.092286e+01 |    1.387e-01 |    2.908e+00 |    2.835e-03
2026-04-28 11:19:37 | INFO | 062 |  -1.947382e+00 |  -7.073580e+01 |  -7.092286e+01 |    1.387e-01 |    2.908e+00 |    2.835e-03
2026-04-28 11:19:37 | INFO | 063 |  -1.930389e+00 |  -7.073453e+01 |  -7.092286e+01 |    1.387e-01 |    2.908e+00 |    2.835e-03
2026-04-28 11:19:37 | INFO | 064 |  -1.951863e+00 |  -7.063549e+01 |  -7.092286e+01 |    1.387e-01 |    2.908e+00 |    2.835e-03
2026-04-28 11:19:37 | INFO | 065 |  -1.950312e+00 |  -7.066829e+01 |  -7.092286e+01 |    1.387e-01 |    2.908e+00 |    2.835e-03
2026-04-28 11:19:37 | INFO | 066 |  -1.940709e+00 |  -7.080210e+01 |  -7.092286e+01 |    1.387e-01 |    2.908e+00 |    2.835e-03
2026-04-28 11:19:37 | INFO | 067 |  -1.958518e+00 |  -7.077738e+01 |  -7.092286e+01 |    1.387e-01 |    2.908e+00 |    2.835e-03
2026-04-28 11:19:37 | INFO | 068 |  -1.948185e+00 |  -7.070035e+01 |  -7.092286e+01 |    1.387e-01 |    2.908e+00 |    2.835e-03
2026-04-28 11:19:37 | INFO | 069 |  -1.943519e+00 |  -7.082294e+01 |  -7.092286e+01 |    1.387e-01 |    2.908e+00 |    2.835e-03
2026-04-28 11:19:38 | INFO | 070 |  -1.946231e+00 |  -7.070000e+01 |  -7.092286e+01 |    1.381e-01 |    3.130e+00 |    2.852e-03
2026-04-28 11:19:38 | INFO | 071 |  -1.951642e+00 |  -7.065952e+01 |  -7.092286e+01 |    1.381e-01 |    3.130e+00 |    2.852e-03
2026-04-28 11:19:38 | INFO | 072 |  -1.948055e+00 |  -7.078376e+01 |  -7.092286e+01 |    1.381e-01 |    3.130e+00 |    2.852e-03
2026-04-28 11:19:38 | INFO | 073 |  -1.944318e+00 |  -7.078886e+01 |  -7.092286e+01 |    1.381e-01 |    3.130e+00 |    2.852e-03
2026-04-28 11:19:38 | INFO | 074 |  -1.954759e+00 |  -7.059183e+01 |  -7.092286e+01 |    1.381e-01 |    3.130e+00 |    2.852e-03
2026-04-28 11:19:38 | INFO | 075 |  -1.949674e+00 |  -7.075931e+01 |  -7.092286e+01 |    1.381e-01 |    3.130e+00 |    2.852e-03
2026-04-28 11:19:38 | INFO | 076 |  -1.955315e+00 |  -7.070610e+01 |  -7.092286e+01 |    1.381e-01 |    3.130e+00 |    2.852e-03
2026-04-28 11:19:38 | INFO | 077 |  -1.949929e+00 |  -7.071842e+01 |  -7.092286e+01 |    1.381e-01 |    3.130e+00 |    2.852e-03
2026-04-28 11:19:38 | INFO | 078 |  -1.955230e+00 |  -7.080512e+01 |  -7.092286e+01 |    1.381e-01 |    3.130e+00 |    2.852e-03
2026-04-28 11:19:38 | INFO | 079 |  -1.958584e+00 |  -7.074291e+01 |  -7.092286e+01 |    1.381e-01 |    3.130e+00 |    2.852e-03
2026-04-28 11:19:40 | INFO | 080 |  -1.942220e+00 |  -7.049678e+01 |  -7.092286e+01 |    1.379e-01 |    3.230e+00 |    2.898e-03
2026-04-28 11:19:40 | INFO | 081 |  -1.963974e+00 |  -7.076690e+01 |  -7.092286e+01 |    1.379e-01 |    3.230e+00 |    2.898e-03
2026-04-28 11:19:40 | INFO | 082 |  -1.943305e+00 |  -7.080125e+01 |  -7.092286e+01 |    1.379e-01 |    3.230e+00 |    2.898e-03
2026-04-28 11:19:40 | INFO | 083 |  -1.949556e+00 |  -7.063446e+01 |  -7.092286e+01 |    1.379e-01 |    3.230e+00 |    2.898e-03
2026-04-28 11:19:40 | INFO | 084 |  -1.954715e+00 |  -7.070899e+01 |  -7.092286e+01 |    1.379e-01 |    3.230e+00 |    2.898e-03
2026-04-28 11:19:40 | INFO | 085 |  -1.945865e+00 |  -7.086165e+01 |  -7.092286e+01 |    1.379e-01 |    3.230e+00 |    2.898e-03
2026-04-28 11:19:40 | INFO | 086 |  -1.948859e+00 |  -7.074809e+01 |  -7.092286e+01 |    1.379e-01 |    3.230e+00 |    2.898e-03
2026-04-28 11:19:40 | INFO | 087 |  -1.946494e+00 |  -7.072024e+01 |  -7.092286e+01 |    1.379e-01 |    3.230e+00 |    2.898e-03
2026-04-28 11:19:40 | INFO | 088 |  -1.952912e+00 |  -7.065912e+01 |  -7.092286e+01 |    1.379e-01 |    3.230e+00 |    2.898e-03
2026-04-28 11:19:40 | INFO | 089 |  -1.944465e+00 |  -7.068065e+01 |  -7.092286e+01 |    1.379e-01 |    3.230e+00 |    2.898e-03
2026-04-28 11:19:41 | INFO | 090 |  -1.944866e+00 |  -7.083172e+01 |  -7.092286e+01 |    1.384e-01 |    3.392e+00 |    3.062e-03
2026-04-28 11:19:41 | INFO | 091 |  -1.941099e+00 |  -7.052237e+01 |  -7.092286e+01 |    1.384e-01 |    3.392e+00 |    3.062e-03
2026-04-28 11:19:41 | INFO | 092 |  -1.946387e+00 |  -7.073365e+01 |  -7.092286e+01 |    1.384e-01 |    3.392e+00 |    3.062e-03
2026-04-28 11:19:41 | INFO | 093 |  -1.946928e+00 |  -7.062843e+01 |  -7.092286e+01 |    1.384e-01 |    3.392e+00 |    3.062e-03
2026-04-28 11:19:41 | INFO | 094 |  -1.942862e+00 |  -7.054423e+01 |  -7.092286e+01 |    1.384e-01 |    3.392e+00 |    3.062e-03
2026-04-28 11:19:41 | INFO | 095 |  -1.951356e+00 |  -7.068302e+01 |  -7.092286e+01 |    1.384e-01 |    3.392e+00 |    3.062e-03
2026-04-28 11:19:41 | INFO | 096 |  -1.945092e+00 |  -7.095290e+01 |  -7.092286e+01 |    1.384e-01 |    3.392e+00 |    3.062e-03
2026-04-28 11:19:41 | INFO | 097 |  -1.948443e+00 |  -7.089632e+01 |  -7.095290e+01 |    1.384e-01 |    3.392e+00 |    3.062e-03
2026-04-28 11:19:41 | INFO | 098 |  -1.944993e+00 |  -7.074399e+01 |  -7.095290e+01 |    1.384e-01 |    3.392e+00 |    3.062e-03
2026-04-28 11:19:41 | INFO | 099 |  -1.946960e+00 |  -7.074066e+01 |  -7.095290e+01 |    1.384e-01 |    3.392e+00 |    3.062e-03
