2026-04-28 11:20:33 | INFO | Bounds: [(-10.0, 10.0)]
2026-04-28 11:20:33 | INFO | BOConfig: BOConfig(n_init=10, n_iter=100, init_sampling='lhs', random_state=1234)
2026-04-28 11:20:33 | INFO | GPConfig: GPConfig(l_c=0.2, sigma_f=1.0, sigma_y=0.001, jitter=1e-10, optimize_hyperparams=True, hpo_every=10, theta0_log=None, theta_bounds_log=None, rank_one=True, rank_one_threshold=1000)
2026-04-28 11:20:33 | INFO | AcqConfig: AcqConfig(kind='EI', xi=0.01, kappa=2.0, maximize=False)
2026-04-28 11:20:33 | INFO | OptimConfig: OptimConfig(method='random', global_method='refine', optimizer='L-BFGS-B', n_raw_samples=2000, grid_n_per_dim=20, n_restarts=10, local_maxiter=200)
2026-04-28 11:20:33 | INFO | SaveConfig: SaveConfig(out_path='./sinus_1D_large_scale_out\\2026-04-28_11-20-33', log_enabled=True, log_filename='log.log', export_enabled=False, export_filename='experiment.h5', export_every=1, plt_state_enabled=True, plt_conv_enabled=True, plt_hist_enabled=True, plt_MLE_conv_enbable=True, plt_all=True, plot_every=10, dpi=250)
2026-04-28 11:20:33 | INFO | Random seed: 1234
2026-04-28 11:20:33 | INFO | it  |    x_next     |      y_next     |      best_y     |    l_c    |  sigma_f  |  sigma_y
2026-04-28 11:20:33 | INFO | -----------------------------------------------------------------------------------------------
2026-04-28 11:20:33 | INFO | 000 |  -1.933403e+00 |  -7.076061e+01 |  -5.745006e+01 |    1.034e-01 |    1.208e+00 |    1.010e-03
2026-04-28 11:20:33 | INFO | 001 |  -9.991186e+00 |  -5.055746e+01 |  -7.076061e+01 |    1.034e-01 |    1.208e+00 |    1.010e-03
2026-04-28 11:20:33 | INFO | 002 |  -1.935838e+00 |  -7.075324e+01 |  -7.076061e+01 |    1.034e-01 |    1.208e+00 |    1.010e-03
2026-04-28 11:20:33 | INFO | 003 |  -1.941682e+00 |  -7.077473e+01 |  -7.076061e+01 |    1.034e-01 |    1.208e+00 |    1.010e-03
2026-04-28 11:20:33 | INFO | 004 |  -1.944589e+00 |  -7.071054e+01 |  -7.077473e+01 |    1.034e-01 |    1.208e+00 |    1.010e-03
2026-04-28 11:20:33 | INFO | 005 |  -1.941328e+00 |  -7.063025e+01 |  -7.077473e+01 |    1.034e-01 |    1.208e+00 |    1.010e-03
2026-04-28 11:20:33 | INFO | 006 |  -1.942995e+00 |  -7.056606e+01 |  -7.077473e+01 |    1.034e-01 |    1.208e+00 |    1.010e-03
2026-04-28 11:20:33 | INFO | 007 |  -1.945879e+00 |  -7.073022e+01 |  -7.077473e+01 |    1.034e-01 |    1.208e+00 |    1.010e-03
2026-04-28 11:20:33 | INFO | 008 |  -1.955833e+00 |  -7.066430e+01 |  -7.077473e+01 |    1.034e-01 |    1.208e+00 |    1.010e-03
2026-04-28 11:20:33 | INFO | 009 |   8.213021e+00 |   4.343996e+00 |  -7.077473e+01 |    1.034e-01 |    1.208e+00 |    1.010e-03
2026-04-28 11:20:34 | INFO | 010 |  -1.945182e+00 |  -7.072041e+01 |  -7.077473e+01 |    1.369e-01 |    1.771e+00 |    1.352e-03
2026-04-28 11:20:34 | INFO | 011 |  -1.946076e+00 |  -7.065674e+01 |  -7.077473e+01 |    1.369e-01 |    1.771e+00 |    1.352e-03
2026-04-28 11:20:34 | INFO | 012 |  -1.944050e+00 |  -7.078251e+01 |  -7.077473e+01 |    1.369e-01 |    1.771e+00 |    1.352e-03
2026-04-28 11:20:34 | INFO | 013 |  -1.944340e+00 |  -7.070342e+01 |  -7.078251e+01 |    1.369e-01 |    1.771e+00 |    1.352e-03
2026-04-28 11:20:34 | INFO | 014 |  -1.938329e+00 |  -7.077123e+01 |  -7.078251e+01 |    1.369e-01 |    1.771e+00 |    1.352e-03
2026-04-28 11:20:34 | INFO | 015 |  -1.936366e+00 |  -7.065337e+01 |  -7.078251e+01 |    1.369e-01 |    1.771e+00 |    1.352e-03
2026-04-28 11:20:34 | INFO | 016 |  -1.941309e+00 |  -7.078020e+01 |  -7.078251e+01 |    1.369e-01 |    1.771e+00 |    1.352e-03
2026-04-28 11:20:34 | INFO | 017 |  -1.945553e+00 |  -7.085985e+01 |  -7.078251e+01 |    1.369e-01 |    1.771e+00 |    1.352e-03
2026-04-28 11:20:34 | INFO | 018 |  -1.945726e+00 |  -7.059238e+01 |  -7.085985e+01 |    1.369e-01 |    1.771e+00 |    1.352e-03
2026-04-28 11:20:34 | INFO | 019 |  -1.923713e+00 |  -7.080358e+01 |  -7.085985e+01 |    1.369e-01 |    1.771e+00 |    1.352e-03
2026-04-28 11:20:34 | INFO | 020 |  -1.947933e+00 |  -7.083066e+01 |  -7.085985e+01 |    1.381e-01 |    2.035e+00 |    1.603e-03
2026-04-28 11:20:34 | INFO | 021 |  -1.941607e+00 |  -7.047162e+01 |  -7.085985e+01 |    1.381e-01 |    2.035e+00 |    1.603e-03
2026-04-28 11:20:34 | INFO | 022 |  -1.948057e+00 |  -7.090422e+01 |  -7.085985e+01 |    1.381e-01 |    2.035e+00 |    1.603e-03
2026-04-28 11:20:34 | INFO | 023 |  -1.946942e+00 |  -7.074032e+01 |  -7.090422e+01 |    1.381e-01 |    2.035e+00 |    1.603e-03
2026-04-28 11:20:34 | INFO | 024 |  -1.935045e+00 |  -7.061976e+01 |  -7.090422e+01 |    1.381e-01 |    2.035e+00 |    1.603e-03
2026-04-28 11:20:34 | INFO | 025 |  -1.948535e+00 |  -7.073706e+01 |  -7.090422e+01 |    1.381e-01 |    2.035e+00 |    1.603e-03
2026-04-28 11:20:34 | INFO | 026 |  -1.946463e+00 |  -7.084407e+01 |  -7.090422e+01 |    1.381e-01 |    2.035e+00 |    1.603e-03
2026-04-28 11:20:34 | INFO | 027 |  -1.933713e+00 |  -7.053423e+01 |  -7.090422e+01 |    1.381e-01 |    2.035e+00 |    1.603e-03
2026-04-28 11:20:34 | INFO | 028 |  -1.952999e+00 |  -7.070931e+01 |  -7.090422e+01 |    1.381e-01 |    2.035e+00 |    1.603e-03
2026-04-28 11:20:34 | INFO | 029 |  -1.950935e+00 |  -7.081663e+01 |  -7.090422e+01 |    1.381e-01 |    2.035e+00 |    1.603e-03
2026-04-28 11:20:36 | INFO | 030 |  -1.942650e+00 |  -7.065720e+01 |  -7.090422e+01 |    1.380e-01 |    2.266e+00 |    2.318e-03
2026-04-28 11:20:36 | INFO | 031 |  -1.943581e+00 |  -7.073744e+01 |  -7.090422e+01 |    1.380e-01 |    2.266e+00 |    2.318e-03
2026-04-28 11:20:36 | INFO | 032 |  -1.946570e+00 |  -7.079178e+01 |  -7.090422e+01 |    1.380e-01 |    2.266e+00 |    2.318e-03
2026-04-28 11:20:36 | INFO | 033 |  -1.948157e+00 |  -7.063528e+01 |  -7.090422e+01 |    1.380e-01 |    2.266e+00 |    2.318e-03
2026-04-28 11:20:36 | INFO | 034 |  -1.951128e+00 |  -7.079201e+01 |  -7.090422e+01 |    1.380e-01 |    2.266e+00 |    2.318e-03
2026-04-28 11:20:36 | INFO | 035 |  -1.960615e+00 |  -7.064490e+01 |  -7.090422e+01 |    1.380e-01 |    2.266e+00 |    2.318e-03
2026-04-28 11:20:36 | INFO | 036 |  -1.943425e+00 |  -7.064076e+01 |  -7.090422e+01 |    1.380e-01 |    2.266e+00 |    2.318e-03
2026-04-28 11:20:36 | INFO | 037 |  -1.946230e+00 |  -7.068217e+01 |  -7.090422e+01 |    1.380e-01 |    2.266e+00 |    2.318e-03
2026-04-28 11:20:36 | INFO | 038 |  -1.940851e+00 |  -7.066119e+01 |  -7.090422e+01 |    1.380e-01 |    2.266e+00 |    2.318e-03
2026-04-28 11:20:36 | INFO | 039 |  -1.951839e+00 |  -7.076165e+01 |  -7.090422e+01 |    1.380e-01 |    2.266e+00 |    2.318e-03
2026-04-28 11:20:37 | INFO | 040 |  -1.942753e+00 |  -7.083541e+01 |  -7.090422e+01 |    1.401e-01 |    2.593e+00 |    2.297e-03
2026-04-28 11:20:37 | INFO | 041 |  -1.946789e+00 |  -7.071395e+01 |  -7.090422e+01 |    1.401e-01 |    2.593e+00 |    2.297e-03
2026-04-28 11:20:37 | INFO | 042 |  -1.963916e+00 |  -7.052146e+01 |  -7.090422e+01 |    1.401e-01 |    2.593e+00 |    2.297e-03
2026-04-28 11:20:37 | INFO | 043 |  -1.931564e+00 |  -7.055677e+01 |  -7.090422e+01 |    1.401e-01 |    2.593e+00 |    2.297e-03
2026-04-28 11:20:37 | INFO | 044 |  -1.945149e+00 |  -7.075051e+01 |  -7.090422e+01 |    1.401e-01 |    2.593e+00 |    2.297e-03
2026-04-28 11:20:37 | INFO | 045 |  -1.952846e+00 |  -7.064114e+01 |  -7.090422e+01 |    1.401e-01 |    2.593e+00 |    2.297e-03
2026-04-28 11:20:37 | INFO | 046 |  -1.941523e+00 |  -7.074647e+01 |  -7.090422e+01 |    1.401e-01 |    2.593e+00 |    2.297e-03
2026-04-28 11:20:37 | INFO | 047 |  -1.949704e+00 |  -7.086274e+01 |  -7.090422e+01 |    1.401e-01 |    2.593e+00 |    2.297e-03
2026-04-28 11:20:37 | INFO | 048 |  -1.943673e+00 |  -7.049570e+01 |  -7.090422e+01 |    1.401e-01 |    2.593e+00 |    2.297e-03
2026-04-28 11:20:37 | INFO | 049 |  -1.933936e+00 |  -7.077376e+01 |  -7.090422e+01 |    1.401e-01 |    2.593e+00 |    2.297e-03
2026-04-28 11:20:38 | INFO | 050 |  -1.955773e+00 |  -7.080238e+01 |  -7.090422e+01 |    1.405e-01 |    2.815e+00 |    2.675e-03
2026-04-28 11:20:38 | INFO | 051 |  -1.949048e+00 |  -7.059028e+01 |  -7.090422e+01 |    1.405e-01 |    2.815e+00 |    2.675e-03
2026-04-28 11:20:38 | INFO | 052 |  -1.959142e+00 |  -7.062029e+01 |  -7.090422e+01 |    1.405e-01 |    2.815e+00 |    2.675e-03
2026-04-28 11:20:38 | INFO | 053 |  -1.944603e+00 |  -7.065240e+01 |  -7.090422e+01 |    1.405e-01 |    2.815e+00 |    2.675e-03
2026-04-28 11:20:38 | INFO | 054 |  -1.958074e+00 |  -7.079631e+01 |  -7.090422e+01 |    1.405e-01 |    2.815e+00 |    2.675e-03
2026-04-28 11:20:38 | INFO | 055 |  -1.961012e+00 |  -7.069702e+01 |  -7.090422e+01 |    1.405e-01 |    2.815e+00 |    2.675e-03
2026-04-28 11:20:38 | INFO | 056 |  -1.945057e+00 |  -7.072069e+01 |  -7.090422e+01 |    1.405e-01 |    2.815e+00 |    2.675e-03
2026-04-28 11:20:38 | INFO | 057 |  -1.938157e+00 |  -7.088953e+01 |  -7.090422e+01 |    1.405e-01 |    2.815e+00 |    2.675e-03
2026-04-28 11:20:38 | INFO | 058 |  -1.952262e+00 |  -7.080414e+01 |  -7.090422e+01 |    1.405e-01 |    2.815e+00 |    2.675e-03
2026-04-28 11:20:38 | INFO | 059 |  -1.945933e+00 |  -7.078117e+01 |  -7.090422e+01 |    1.405e-01 |    2.815e+00 |    2.675e-03
2026-04-28 11:20:40 | INFO | 060 |  -1.946897e+00 |  -7.070987e+01 |  -7.090422e+01 |    1.389e-01 |    2.907e+00 |    2.828e-03
2026-04-28 11:20:40 | INFO | 061 |  -1.941978e+00 |  -7.063420e+01 |  -7.090422e+01 |    1.389e-01 |    2.907e+00 |    2.828e-03
2026-04-28 11:20:40 | INFO | 062 |  -1.947382e+00 |  -7.068876e+01 |  -7.090422e+01 |    1.389e-01 |    2.907e+00 |    2.828e-03
2026-04-28 11:20:40 | INFO | 063 |  -1.930389e+00 |  -7.063848e+01 |  -7.090422e+01 |    1.389e-01 |    2.907e+00 |    2.828e-03
2026-04-28 11:20:40 | INFO | 064 |  -1.951863e+00 |  -7.068018e+01 |  -7.090422e+01 |    1.389e-01 |    2.907e+00 |    2.828e-03
2026-04-28 11:20:40 | INFO | 065 |  -1.950312e+00 |  -7.061452e+01 |  -7.090422e+01 |    1.389e-01 |    2.907e+00 |    2.828e-03
2026-04-28 11:20:40 | INFO | 066 |  -1.940709e+00 |  -7.063430e+01 |  -7.090422e+01 |    1.389e-01 |    2.907e+00 |    2.828e-03
2026-04-28 11:20:40 | INFO | 067 |  -1.935068e+00 |  -7.052632e+01 |  -7.090422e+01 |    1.389e-01 |    2.907e+00 |    2.828e-03
2026-04-28 11:20:40 | INFO | 068 |  -1.948185e+00 |  -7.081789e+01 |  -7.090422e+01 |    1.389e-01 |    2.907e+00 |    2.828e-03
2026-04-28 11:20:40 | INFO | 069 |  -1.943519e+00 |  -7.068873e+01 |  -7.090422e+01 |    1.389e-01 |    2.907e+00 |    2.828e-03
2026-04-28 11:20:41 | INFO | 070 |  -1.946231e+00 |  -7.066397e+01 |  -7.090422e+01 |    1.385e-01 |    3.024e+00 |    2.929e-03
2026-04-28 11:20:41 | INFO | 071 |  -1.951642e+00 |  -7.071961e+01 |  -7.090422e+01 |    1.385e-01 |    3.024e+00 |    2.929e-03
2026-04-28 11:20:41 | INFO | 072 |  -1.945311e+00 |  -7.080306e+01 |  -7.090422e+01 |    1.385e-01 |    3.024e+00 |    2.929e-03
2026-04-28 11:20:41 | INFO | 073 |  -1.944318e+00 |  -7.079407e+01 |  -7.090422e+01 |    1.385e-01 |    3.024e+00 |    2.929e-03
2026-04-28 11:20:41 | INFO | 074 |  -1.954759e+00 |  -7.061821e+01 |  -7.090422e+01 |    1.385e-01 |    3.024e+00 |    2.929e-03
2026-04-28 11:20:41 | INFO | 075 |  -1.949674e+00 |  -7.065763e+01 |  -7.090422e+01 |    1.385e-01 |    3.024e+00 |    2.929e-03
2026-04-28 11:20:41 | INFO | 076 |  -1.937556e+00 |  -7.096863e+01 |  -7.090422e+01 |    1.385e-01 |    3.024e+00 |    2.929e-03
2026-04-28 11:20:41 | INFO | 077 |  -1.949929e+00 |  -7.092891e+01 |  -7.096863e+01 |    1.385e-01 |    3.024e+00 |    2.929e-03
2026-04-28 11:20:41 | INFO | 078 |  -1.955230e+00 |  -7.068746e+01 |  -7.096863e+01 |    1.385e-01 |    3.024e+00 |    2.929e-03
2026-04-28 11:20:41 | INFO | 079 |  -1.958584e+00 |  -7.075424e+01 |  -7.096863e+01 |    1.385e-01 |    3.024e+00 |    2.929e-03
2026-04-28 11:20:42 | INFO | 080 |  -1.942220e+00 |  -7.056666e+01 |  -7.096863e+01 |    1.375e-01 |    3.098e+00 |    3.178e-03
2026-04-28 11:20:42 | INFO | 081 |  -1.963974e+00 |  -7.053470e+01 |  -7.096863e+01 |    1.375e-01 |    3.098e+00 |    3.178e-03
2026-04-28 11:20:42 | INFO | 082 |  -1.943305e+00 |  -7.080157e+01 |  -7.096863e+01 |    1.375e-01 |    3.098e+00 |    3.178e-03
2026-04-28 11:20:42 | INFO | 083 |  -1.949556e+00 |  -7.069198e+01 |  -7.096863e+01 |    1.375e-01 |    3.098e+00 |    3.178e-03
2026-04-28 11:20:42 | INFO | 084 |  -1.954715e+00 |  -7.072144e+01 |  -7.096863e+01 |    1.375e-01 |    3.098e+00 |    3.178e-03
2026-04-28 11:20:42 | INFO | 085 |  -1.947504e+00 |  -7.080539e+01 |  -7.096863e+01 |    1.375e-01 |    3.098e+00 |    3.178e-03
2026-04-28 11:20:42 | INFO | 086 |  -1.948859e+00 |  -7.064301e+01 |  -7.096863e+01 |    1.375e-01 |    3.098e+00 |    3.178e-03
2026-04-28 11:20:42 | INFO | 087 |  -1.946494e+00 |  -7.054317e+01 |  -7.096863e+01 |    1.375e-01 |    3.098e+00 |    3.178e-03
2026-04-28 11:20:42 | INFO | 088 |  -1.952912e+00 |  -7.069514e+01 |  -7.096863e+01 |    1.375e-01 |    3.098e+00 |    3.178e-03
2026-04-28 11:20:42 | INFO | 089 |  -1.944465e+00 |  -7.063551e+01 |  -7.096863e+01 |    1.375e-01 |    3.098e+00 |    3.178e-03
2026-04-28 11:20:44 | INFO | 090 |  -1.944866e+00 |  -7.090826e+01 |  -7.096863e+01 |    1.387e-01 |    3.373e+00 |    3.376e-03
2026-04-28 11:20:44 | INFO | 091 |  -1.951850e+00 |  -7.067279e+01 |  -7.096863e+01 |    1.387e-01 |    3.373e+00 |    3.376e-03
2026-04-28 11:20:44 | INFO | 092 |  -1.946387e+00 |  -7.060437e+01 |  -7.096863e+01 |    1.387e-01 |    3.373e+00 |    3.376e-03
2026-04-28 11:20:44 | INFO | 093 |  -1.946928e+00 |  -7.073276e+01 |  -7.096863e+01 |    1.387e-01 |    3.373e+00 |    3.376e-03
2026-04-28 11:20:44 | INFO | 094 |  -1.942862e+00 |  -7.082788e+01 |  -7.096863e+01 |    1.387e-01 |    3.373e+00 |    3.376e-03
2026-04-28 11:20:44 | INFO | 095 |  -1.951356e+00 |  -7.081000e+01 |  -7.096863e+01 |    1.387e-01 |    3.373e+00 |    3.376e-03
2026-04-28 11:20:44 | INFO | 096 |  -1.945092e+00 |  -7.064668e+01 |  -7.096863e+01 |    1.387e-01 |    3.373e+00 |    3.376e-03
2026-04-28 11:20:45 | INFO | 097 |  -1.948443e+00 |  -7.069674e+01 |  -7.096863e+01 |    1.387e-01 |    3.373e+00 |    3.376e-03
2026-04-28 11:20:45 | INFO | 098 |  -1.944993e+00 |  -7.055888e+01 |  -7.096863e+01 |    1.387e-01 |    3.373e+00 |    3.376e-03
2026-04-28 11:20:45 | INFO | 099 |  -1.946960e+00 |  -7.068846e+01 |  -7.096863e+01 |    1.387e-01 |    3.373e+00 |    3.376e-03
