2026-08-27 15:09:13 | INFO | Bounds: [(0.0, 1.0)]
2026-08-27 15:09:13 | INFO | MFBOConfig: MFBOConfig(n_init_L=8, n_init_H=3, n_iter=20, init_sampling='lhs', random_state=1234)
2026-08-27 15:09:13 | INFO | GPConfig: GPConfig(l_lf=0.2, sigma_lf=5.0, l_delta=0.2, sigma_delta=3.0, rho=1.0, sigma_L=0.05, sigma_H=0.02, jitter=1e-10, optimize_hyperparams=True, hpo_every=1, theta0=None, theta_bounds=None)
2026-08-27 15:09:13 | INFO | AcqConfig: AcqConfig(kind='EI', xi=0.01, maximize=False)
2026-08-27 15:09:13 | INFO | OptimConfig: OptimConfig(method='refined', global_method='random', optimizer='L-BFGS-B', n_raw_samples=1000, grid_n_per_dim=20, n_restarts=10, local_maxiter=200)
2026-08-27 15:09:13 | INFO | FidelityConfig: FidelityConfig(cost_low=1.0, cost_high=10.0)
2026-08-27 15:09:13 | INFO | SaveConfig: SaveConfig(out_path='C:\\Users\\lecomte\\OneDrive - vki.ac.be\\GitHub\\BayesianOptimization_ML4F\\examples\\_output\\mfbo_forrester\\2026-08-27_15-09-13', create_timestamp=True, log_enabled=True, log_filename='log.log', trace_enabled=True, trace_filename='trace.npz', trace_flush_every=None, snapshot_enabled=False, snapshot_every=1, snapshot_dirname='snapshots', snapshot_flush_every=None, plt_state_enabled=True, plt_conv_enabled=True, plt_hist_enabled=True, plt_MLE_conv_enbable=True, plt_all=True, plot_every=1, dpi=250)
2026-08-27 15:09:13 | INFO | Random seed: 1234
2026-08-27 15:09:13 | INFO | it  | lvl |    x_next     |      y_next     |      y_best     |   l_lf    |  l_delta  |    rho    |    cost   | cum_cost
2026-08-27 15:09:13 | INFO | ------------------------------------------------------------------------------------------------------------------------
2026-08-27 15:09:13 | INFO | 000 |  H  |   8.018404e-01 |  -4.851693e+00 |  -4.852947e+00 |  1.968e-01 |  3.467e-05 |  1.857e-01 |  1.000e+01 |  1.000e+01
2026-08-27 15:09:14 | INFO | 001 |  H  |   7.646063e-01 |  -5.991245e+00 |  -4.852947e+00 |  1.965e-01 |  6.121e-02 |  2.318e-01 |  1.000e+01 |  2.000e+01
2026-08-27 15:09:15 | INFO | 002 |  H  |   7.389096e-01 |  -5.851156e+00 |  -5.991245e+00 |  1.973e-01 |  8.467e-02 |  2.698e-01 |  1.000e+01 |  3.000e+01
2026-08-27 15:09:17 | INFO | 003 |  H  |   2.892346e-01 |  -3.534260e-02 |  -5.991245e+00 |  1.939e-01 |  8.239e-02 |  2.265e-01 |  1.000e+01 |  4.000e+01
2026-08-27 15:09:19 | INFO | 004 |  H  |   7.564590e-01 |  -6.020408e+00 |  -5.991245e+00 |  1.883e-01 |  8.232e-02 |  1.938e-01 |  1.000e+01 |  5.000e+01
2026-08-27 15:09:20 | INFO | 005 |  H  |   0.000000e+00 |   3.027210e+00 |  -6.020408e+00 |  1.891e-01 |  8.319e-02 |  2.238e-01 |  1.000e+01 |  6.000e+01
2026-08-27 15:09:21 | INFO | 006 |  H  |   1.867481e-01 |  -7.598780e-01 |  -6.020408e+00 |  1.912e-01 |  8.000e-02 |  1.188e-01 |  1.000e+01 |  7.000e+01
2026-08-27 15:09:22 | INFO | 007 |  H  |   4.074958e-01 |   1.538560e-01 |  -6.020408e+00 |  1.893e-01 |  8.454e-02 |  9.736e-02 |  1.000e+01 |  8.000e+01
2026-08-27 15:09:23 | INFO | 008 |  H  |   1.000000e+00 |   1.582973e+01 |  -6.020408e+00 |  1.904e-01 |  8.635e-02 |  6.903e-02 |  1.000e+01 |  9.000e+01
2026-08-27 15:09:24 | INFO | 009 |  L  |   8.183685e-01 |  -3.706763e+00 |  -6.020408e+00 |  1.677e-01 |  2.402e-01 |  2.029e+00 |  1.000e+00 |  9.100e+01
2026-08-27 15:09:25 | INFO | 010 |  L  |   7.741677e-01 |  -5.188841e+00 |  -6.020408e+00 |  1.842e-01 |  2.568e-01 |  2.104e+00 |  1.000e+00 |  9.200e+01
2026-08-27 15:09:27 | INFO | 011 |  L  |   9.603965e-01 |   6.301593e+00 |  -6.020408e+00 |  1.846e-01 |  2.609e-01 |  2.043e+00 |  1.000e+00 |  9.300e+01
2026-08-27 15:09:28 | INFO | 012 |  L  |   3.919123e-01 |  -6.040947e+00 |  -6.020408e+00 |  1.818e-01 |  3.065e-01 |  2.040e+00 |  1.000e+00 |  9.400e+01
2026-08-27 15:09:29 | INFO | 013 |  L  |   5.769678e-01 |  -3.999265e+00 |  -6.020408e+00 |  1.742e-01 |  3.062e-01 |  2.028e+00 |  1.000e+00 |  9.500e+01
2026-08-27 15:09:30 | INFO | 014 |  L  |   4.444762e-01 |  -5.339108e+00 |  -6.020408e+00 |  1.742e-01 |  3.062e-01 |  2.028e+00 |  1.000e+00 |  9.600e+01
2026-08-27 15:09:31 | INFO | 015 |  L  |   2.193341e-01 |  -8.035790e+00 |  -6.020408e+00 |  1.742e-01 |  3.062e-01 |  2.028e+00 |  1.000e+00 |  9.700e+01
2026-08-27 15:09:32 | INFO | 016 |  L  |   1.314989e-01 |  -9.168286e+00 |  -6.020408e+00 |  1.742e-01 |  3.062e-01 |  2.028e+00 |  1.000e+00 |  9.800e+01
2026-08-27 15:09:33 | INFO | 017 |  L  |   2.567021e-01 |  -7.517049e+00 |  -6.020408e+00 |  1.742e-01 |  3.062e-01 |  2.028e+00 |  1.000e+00 |  9.900e+01
2026-08-27 15:09:34 | INFO | 018 |  L  |   1.139635e-01 |  -9.282593e+00 |  -6.020408e+00 |  1.742e-01 |  3.062e-01 |  2.028e+00 |  1.000e+00 |  1.000e+02
2026-08-27 15:09:35 | INFO | 019 |  L  |   3.655946e-01 |  -6.336981e+00 |  -6.020408e+00 |  1.742e-01 |  3.062e-01 |  2.028e+00 |  1.000e+00 |  1.010e+02
