2026-08-27 15:15:00 | INFO | Bounds: [(0.0, 5.0), (0.0, 3.0)]
2026-08-27 15:15:00 | INFO | MOBOConfig: MOBOConfig(n_init=10, n_iter=25, init_sampling='lhs', random_state=7)
2026-08-27 15:15:00 | INFO | GPConfig: GPConfig(length_scales=0.3, L_B_diag=1.0, L_B_offdiag=0.0, sigma_n=0.02, jitter=1e-10, optimize_hyperparams=True, hpo_every=1, theta0=None, theta_bounds=None)
2026-08-27 15:15:00 | INFO | AcqConfig: AcqConfig(kind='EHVI', n_mc=512, mc_chunk=256, maximize=False, ref_point=None, ref_margin=0.1)
2026-08-27 15:15:00 | INFO | OptimConfig: OptimConfig(method='refined', global_method='random', optimizer='L-BFGS-B', n_raw_samples=1500, grid_n_per_dim=20, n_restarts=10, local_maxiter=200)
2026-08-27 15:15:00 | INFO | SaveConfig: SaveConfig(out_path='C:\\Users\\lecomte\\OneDrive - vki.ac.be\\GitHub\\BayesianOptimization_ML4F\\examples\\_output\\mobo_binh_korn\\2026-08-27_15-15-00', create_timestamp=True, log_enabled=True, log_filename='log.log', trace_enabled=True, trace_filename='trace.npz', trace_flush_every=None, snapshot_enabled=False, snapshot_every=1, snapshot_dirname='snapshots', snapshot_flush_every=None, plt_state_enabled=True, plt_pareto_enabled=True, plt_conv_enabled=True, plt_hist_enabled=True, plt_all=True, plot_every=5, dpi=250)
2026-08-27 15:15:00 | INFO | Random seed: 7
2026-08-27 15:15:00 | INFO | Objective signs (+1 maximize / -1 minimize): [-1. -1.]
2026-08-27 15:15:00 | INFO | Reference point (physical units): [98.62859069 41.54764533]
2026-08-27 15:15:00 | INFO | it  |    x_next     |     y_next (all objectives)    |  hypervolume  | n_par |   l_c[0]   |    acq
2026-08-27 15:15:00 | INFO | ------------------------------------------------------------------------------------------------------------------------
2026-08-27 15:15:02 | INFO | 000 |   1.634025e+00 |  2.135133e+01  2.266420e+01 |  2.178639e+03 |     7 |  8.996e+00 |  9.617e+01
2026-08-27 15:15:03 | INFO | 001 |   3.360791e+00 |  8.097510e+01  6.721221e+00 |  2.274824e+03 |     8 |  8.894e+00 |  3.967e+01
2026-08-27 15:15:03 | INFO | 002 |   2.496480e+00 |  4.955233e+01  1.261266e+01 |  2.314473e+03 |     9 |  8.894e+00 |  3.465e+01
2026-08-27 15:15:04 | INFO | 003 |   1.925316e+00 |  2.843483e+01  1.941140e+01 |  2.349132e+03 |    10 |  8.894e+00 |  2.148e+01
2026-08-27 15:15:04 | INFO | 004 |   1.401100e+00 |  1.559023e+01  2.597801e+01 |  2.370606e+03 |    11 |  8.894e+00 |  2.140e+01
2026-08-27 15:15:06 | INFO | 005 |   1.132307e+00 |  1.013670e+01  3.002158e+01 |  2.392007e+03 |    12 |  8.894e+00 |  1.377e+01
2026-08-27 15:15:07 | INFO | 006 |   7.728321e-01 |  4.780678e+00  3.573445e+01 |  2.405786e+03 |    13 |  8.898e+00 |  1.344e+01
2026-08-27 15:15:08 | INFO | 007 |   2.995538e+00 |  7.072126e+01  8.217196e+00 |  2.419237e+03 |    13 |  8.898e+00 |  1.210e+01
2026-08-27 15:15:08 | INFO | 008 |   2.359939e+00 |  4.354549e+01  1.422823e+01 |  2.431340e+03 |    13 |  8.898e+00 |  8.322e+00
2026-08-27 15:15:09 | INFO | 009 |   2.628573e+00 |  5.516430e+01  1.127239e+01 |  2.439663e+03 |    14 |  8.898e+00 |  7.954e+00
2026-08-27 15:15:11 | INFO | 010 |   3.608088e+00 |  8.704855e+01  6.111274e+00 |  2.447620e+03 |    15 |  8.898e+00 |  7.068e+00
2026-08-27 15:15:11 | INFO | 011 |   1.738843e+00 |  2.487425e+01  2.095560e+01 |  2.454683e+03 |    16 |  8.898e+00 |  6.085e+00
2026-08-27 15:15:12 | INFO | 012 |   9.324011e-01 |  7.296105e+00  3.272937e+01 |  2.460767e+03 |    17 |  8.898e+00 |  5.461e+00
2026-08-27 15:15:13 | INFO | 013 |   6.272010e-01 |  3.160289e+00  3.821972e+01 |  2.466233e+03 |    17 |  8.898e+00 |  5.397e+00
2026-08-27 15:15:13 | INFO | 014 |   1.313884e+00 |  1.292282e+01  2.782641e+01 |  2.471626e+03 |    18 |  8.898e+00 |  5.391e+00
2026-08-27 15:15:16 | INFO | 015 |   1.545508e+00 |  1.840677e+01  2.427013e+01 |  2.477016e+03 |    18 |  8.898e+00 |  5.031e+00
2026-08-27 15:15:17 | INFO | 016 |   2.925049e+00 |  6.590707e+01  9.082262e+00 |  2.482045e+03 |    19 |  8.898e+00 |  4.478e+00
2026-08-27 15:15:18 | INFO | 017 |   1.986145e+00 |  3.185802e+01  1.805378e+01 |  2.486525e+03 |    20 |  8.898e+00 |  4.316e+00
2026-08-27 15:15:18 | INFO | 018 |   3.226712e+00 |  7.580444e+01  7.461670e+00 |  2.490840e+03 |    21 |  8.898e+00 |  3.906e+00
2026-08-27 15:15:19 | INFO | 019 |   2.432863e+00 |  4.648541e+01  1.341275e+01 |  2.494747e+03 |    22 |  8.898e+00 |  2.501e+00
2026-08-27 15:15:22 | INFO | 020 |   3.762787e+00 |  9.236896e+01  5.575118e+00 |  2.497248e+03 |    23 |  8.898e+00 |  3.361e+00
2026-08-27 15:15:22 | INFO | 021 |   2.220472e+00 |  3.738315e+01  1.612847e+01 |  2.500604e+03 |    24 |  8.898e+00 |  1.990e+00
2026-08-27 15:15:23 | INFO | 022 |   8.401338e-01 |  6.103917e+00  3.406840e+01 |  2.502592e+03 |    25 |  8.898e+00 |  1.984e+00
2026-08-27 15:15:24 | INFO | 023 |   1.029378e+00 |  8.676642e+00  3.134190e+01 |  2.504578e+03 |    26 |  8.898e+00 |  2.024e+00
2026-08-27 15:15:25 | INFO | 024 |   2.672143e+00 |  5.810435e+01  1.062794e+01 |  2.506604e+03 |    27 |  8.898e+00 |  1.930e+00
