2026-04-10 13:53:35 | INFO | Bounds: [(-2.0, 2.0), (-2.0, 2.0)]
2026-04-10 13:53:35 | INFO | BOConfig: BOConfig(n_init=50, n_iter=20, init_sampling='lhs', random_state=1234)
2026-04-10 13:53:35 | INFO | GPConfig: GPConfig(l_c=0.3, sigma_f=1.0, sigma_y=0.1, jitter=1e-10, optimize_hyperparams=True, hpo_every=10, theta0_log=None, theta_bounds_log=None, rank_one=True, rank_one_threshold=1000)
2026-04-10 13:53:35 | INFO | AcqConfig: AcqConfig(kind='EI', xi=0.01, kappa=2.0, maximize=False)
2026-04-10 13:53:35 | INFO | OptimConfig: OptimConfig(method='random', global_method='refine', optimizer='L-BFGS-B', n_raw_samples=2000, grid_n_per_dim=20, n_restarts=10, local_maxiter=200)
2026-04-10 13:53:35 | INFO | SaveConfig: SaveConfig(out_path='./rosenbrock_2D_out\\2026-04-10_13-53-35', log_enabled=True, log_filename='log.log', export_enabled=False, export_filename='experiment.h5', export_every=1, plt_state_enabled=True, plt_conv_enabled=True, plt_hist_enabled=True, plt_MLE_conv_enbable=True, plt_all=True, plot_every=1, dpi=250)
2026-04-10 13:53:35 | INFO | Random seed: 1234
2026-04-10 13:53:35 | INFO | it  |    x_next     |      y_next     |      best_y     |    l_c    |  sigma_f  |  sigma_y
2026-04-10 13:53:35 | INFO | -----------------------------------------------------------------------------------------------
2026-04-10 13:53:42 | INFO | 000 |  -1.386103e+00 |   1.383910e-01 |  -1.210422e-01 |    3.989e+00 |    3.680e+02 |    1.199e-01
2026-04-10 13:53:45 | INFO | 001 |  -1.489810e+00 |   1.736391e-01 |  -1.210422e-01 |    3.989e+00 |    3.680e+02 |    1.199e-01
2026-04-10 13:53:53 | INFO | 002 |  -6.823251e-01 |   6.246242e-02 |  -1.210422e-01 |    3.989e+00 |    3.680e+02 |    1.199e-01
2026-04-10 13:53:56 | INFO | 003 |   1.439088e+00 |   1.310327e-01 |  -1.210422e-01 |    3.989e+00 |    3.680e+02 |    1.199e-01
2026-04-10 13:53:59 | INFO | 004 |  -7.776815e-01 |  -3.921835e-02 |  -1.210422e-01 |    3.989e+00 |    3.680e+02 |    1.199e-01
2026-04-10 13:54:01 | INFO | 005 |  -7.733232e-01 |   1.748091e-01 |  -1.210422e-01 |    3.989e+00 |    3.680e+02 |    1.199e-01
2026-04-10 13:54:06 | INFO | 006 |   1.170050e+00 |  -4.986574e-03 |  -1.210422e-01 |    3.989e+00 |    3.680e+02 |    1.199e-01
2026-04-10 13:54:10 | INFO | 007 |   1.183510e+00 |   8.668858e-03 |  -1.210422e-01 |    3.989e+00 |    3.680e+02 |    1.199e-01
2026-04-10 13:54:16 | INFO | 008 |   1.084260e+00 |  -3.939977e-03 |  -1.210422e-01 |    3.989e+00 |    3.680e+02 |    1.199e-01
2026-04-10 13:54:18 | INFO | 009 |   1.030986e+00 |  -8.601148e-02 |  -1.210422e-01 |    3.989e+00 |    3.680e+02 |    1.199e-01
2026-04-10 13:54:21 | INFO | 010 |   9.431149e-01 |   3.673524e-02 |  -1.210422e-01 |    4.016e+00 |    3.648e+02 |    1.144e-01
2026-04-10 13:54:23 | INFO | 011 |   1.232451e+00 |  -1.492262e-01 |  -1.210422e-01 |    4.016e+00 |    3.648e+02 |    1.144e-01
2026-04-10 13:54:26 | INFO | 012 |   1.396527e+00 |  -5.503861e-02 |  -1.492262e-01 |    4.016e+00 |    3.648e+02 |    1.144e-01
2026-04-10 13:54:28 | INFO | 013 |   1.253214e+00 |  -9.086019e-02 |  -1.492262e-01 |    4.016e+00 |    3.648e+02 |    1.144e-01
2026-04-10 13:54:31 | INFO | 014 |   1.222661e+00 |   3.609656e-02 |  -1.492262e-01 |    4.016e+00 |    3.648e+02 |    1.144e-01
2026-04-10 13:54:37 | INFO | 015 |   1.465399e+00 |   9.504165e-02 |  -1.492262e-01 |    4.016e+00 |    3.648e+02 |    1.144e-01
2026-04-10 13:54:40 | INFO | 016 |  -1.188874e+00 |  -4.845470e-02 |  -1.492262e-01 |    4.016e+00 |    3.648e+02 |    1.144e-01
2026-04-10 13:54:42 | INFO | 017 |   1.228591e+00 |   2.348478e-01 |  -1.492262e-01 |    4.016e+00 |    3.648e+02 |    1.144e-01
2026-04-10 13:54:45 | INFO | 018 |  -1.115688e+00 |  -9.413769e-02 |  -1.492262e-01 |    4.016e+00 |    3.648e+02 |    1.144e-01
2026-04-10 13:54:49 | INFO | 019 |  -1.124908e+00 |   5.345966e-02 |  -1.492262e-01 |    4.016e+00 |    3.648e+02 |    1.144e-01
