2026-08-27 13:17:14 | INFO | Bounds: [(0.0, 1.0)]
2026-08-27 13:17:14 | INFO | MFBOConfig: MFBOConfig(n_init_L=8, n_init_H=3, n_iter=20, init_sampling='lhs', random_state=1234)
2026-08-27 13:17:14 | INFO | GPConfig: GPConfig(l_lf=0.2, sigma_lf=5.0, l_delta=0.2, sigma_delta=3.0, rho=1.0, sigma_L=0.05, sigma_H=0.02, jitter=1e-10, optimize_hyperparams=True, hpo_every=5, theta0=None, theta_bounds=None)
2026-08-27 13:17:14 | INFO | AcqConfig: AcqConfig(kind='EI', xi=0.01, maximize=False)
2026-08-27 13:17:14 | INFO | OptimConfig: OptimConfig(method='refined', global_method='random', optimizer='L-BFGS-B', n_raw_samples=1000, grid_n_per_dim=20, n_restarts=10, local_maxiter=200)
2026-08-27 13:17:14 | INFO | FidelityConfig: FidelityConfig(cost_low=1.0, cost_high=10.0)
2026-08-27 13:17:14 | INFO | SaveConfig: SaveConfig(out_path='./mfbo_forrester_out\\2026-08-27_13-17-14', create_timestamp=True, log_enabled=True, log_filename='log.log', trace_enabled=True, trace_filename='trace.npz', trace_flush_every=None, snapshot_enabled=False, snapshot_every=1, snapshot_dirname='snapshots', snapshot_flush_every=None, plt_state_enabled=True, plt_conv_enabled=True, plt_hist_enabled=True, plt_MLE_conv_enbable=True, plt_all=True, plot_every=1, dpi=250)
2026-08-27 13:17:14 | INFO | Random seed: 1234
2026-08-27 13:17:14 | INFO | it  | lvl |    x_next     |      y_next     |      y_best     |   l_lf    |  l_delta  |    rho    |    cost   | cum_cost
2026-08-27 13:17:14 | INFO | ------------------------------------------------------------------------------------------------------------------------
2026-08-27 13:17:17 | INFO | 000 |  H  |   8.018404e-01 |  -4.851693e+00 |  -4.852947e+00 |  1.968e-01 |  3.467e-05 |  1.857e-01 |  1.000e+01 |  1.000e+01
2026-08-27 13:17:18 | INFO | 001 |  H  |   8.451666e-02 |  -3.458200e-01 |  -4.852947e+00 |  1.968e-01 |  3.467e-05 |  1.857e-01 |  1.000e+01 |  2.000e+01
2026-08-27 13:17:19 | INFO | 002 |  H  |   8.431066e-02 |  -3.409399e-01 |  -4.852947e+00 |  1.968e-01 |  3.467e-05 |  1.857e-01 |  1.000e+01 |  3.000e+01
2026-08-27 13:17:20 | INFO | 003 |  H  |   8.410502e-02 |  -3.360488e-01 |  -4.852947e+00 |  1.968e-01 |  3.467e-05 |  1.857e-01 |  1.000e+01 |  4.000e+01
2026-08-27 13:17:21 | INFO | 004 |  H  |   8.390067e-02 |  -3.311691e-01 |  -4.852947e+00 |  1.968e-01 |  3.467e-05 |  1.857e-01 |  1.000e+01 |  5.000e+01
2026-08-27 13:17:22 | INFO | 005 |  H  |   7.580589e-01 |  -6.020389e+00 |  -4.852947e+00 |  1.685e-01 |  7.397e-02 |  1.614e-01 |  1.000e+01 |  6.000e+01
2026-08-27 13:17:22 | INFO | 006 |  H  |   3.271756e-01 |  -1.007752e-04 |  -6.020389e+00 |  1.685e-01 |  7.397e-02 |  1.614e-01 |  1.000e+01 |  7.000e+01
2026-08-27 13:17:23 | INFO | 007 |  H  |   7.020049e-01 |  -4.691090e+00 |  -6.020389e+00 |  1.685e-01 |  7.397e-02 |  1.614e-01 |  1.000e+01 |  8.000e+01
2026-08-27 13:17:24 | INFO | 008 |  H  |   7.507331e-01 |  -5.998501e+00 |  -6.020389e+00 |  1.685e-01 |  7.397e-02 |  1.614e-01 |  1.000e+01 |  9.000e+01
2026-08-27 13:17:25 | INFO | 009 |  H  |   4.265174e-01 |   2.811252e-01 |  -6.020389e+00 |  1.685e-01 |  7.397e-02 |  1.614e-01 |  1.000e+01 |  1.000e+02
2026-08-27 13:17:26 | INFO | 010 |  H  |   1.000000e+00 |   1.582973e+01 |  -6.020389e+00 |  1.696e-01 |  8.919e-02 |  1.399e-01 |  1.000e+01 |  1.100e+02
2026-08-27 13:17:28 | INFO | 011 |  H  |   2.361889e-01 |  -3.122414e-01 |  -6.020389e+00 |  1.696e-01 |  8.919e-02 |  1.399e-01 |  1.000e+01 |  1.200e+02
2026-08-27 13:17:29 | INFO | 012 |  H  |   6.112625e-01 |  -5.348902e-01 |  -6.020389e+00 |  1.696e-01 |  8.919e-02 |  1.399e-01 |  1.000e+01 |  1.300e+02
2026-08-27 13:17:30 | INFO | 013 |  H  |   1.388670e-04 |   3.020331e+00 |  -6.020389e+00 |  1.696e-01 |  8.919e-02 |  1.399e-01 |  1.000e+01 |  1.400e+02
2026-08-27 13:17:31 | INFO | 014 |  H  |   9.016063e-01 |   5.938119e+00 |  -6.020389e+00 |  1.696e-01 |  8.919e-02 |  1.399e-01 |  1.000e+01 |  1.500e+02
2026-08-27 13:17:32 | INFO | 015 |  L  |   2.193341e-01 |  -8.035790e+00 |  -6.020389e+00 |  1.811e-01 |  1.971e-01 |  4.723e-01 |  1.000e+00 |  1.510e+02
2026-08-27 13:17:33 | INFO | 016 |  L  |   1.314989e-01 |  -9.168286e+00 |  -6.020389e+00 |  1.811e-01 |  1.971e-01 |  4.723e-01 |  1.000e+00 |  1.520e+02
2026-08-27 13:17:33 | INFO | 017 |  L  |   2.567021e-01 |  -7.517049e+00 |  -6.020389e+00 |  1.811e-01 |  1.971e-01 |  4.723e-01 |  1.000e+00 |  1.530e+02
2026-08-27 13:17:34 | INFO | 018 |  L  |   1.139635e-01 |  -9.282593e+00 |  -6.020389e+00 |  1.811e-01 |  1.971e-01 |  4.723e-01 |  1.000e+00 |  1.540e+02
2026-08-27 13:17:35 | INFO | 019 |  L  |   3.655946e-01 |  -6.336981e+00 |  -6.020389e+00 |  1.811e-01 |  1.971e-01 |  4.723e-01 |  1.000e+00 |  1.550e+02
