2026-04-10 14:01:23 | INFO | Bounds: [(-2.0, 2.0), (-2.0, 2.0)]
2026-04-10 14:01:23 | INFO | BOConfig: BOConfig(n_init=50, n_iter=20, init_sampling='lhs', random_state=1234)
2026-04-10 14:01:23 | INFO | GPConfig: GPConfig(l_c=0.3, sigma_f=1.0, sigma_y=0.1, jitter=1e-10, optimize_hyperparams=True, hpo_every=10, theta0_log=None, theta_bounds_log=None, rank_one=True, rank_one_threshold=1000)
2026-04-10 14:01:23 | INFO | AcqConfig: AcqConfig(kind='EI', xi=0.01, kappa=2.0, maximize=False)
2026-04-10 14:01:23 | INFO | OptimConfig: OptimConfig(method='random', global_method='refine', optimizer='L-BFGS-B', n_raw_samples=2000, grid_n_per_dim=20, n_restarts=10, local_maxiter=200)
2026-04-10 14:01:23 | INFO | SaveConfig: SaveConfig(out_path='./rosenbrock_2D_out\\2026-04-10_14-01-23', log_enabled=True, log_filename='log.log', export_enabled=False, export_filename='experiment.h5', export_every=1, plt_state_enabled=True, plt_conv_enabled=True, plt_hist_enabled=True, plt_MLE_conv_enbable=True, plt_all=True, plot_every=1, dpi=250)
2026-04-10 14:01:23 | INFO | Random seed: 1234
2026-04-10 14:01:23 | INFO | it  |    x_next     |      y_next     |      best_y     |    l_c    |  sigma_f  |  sigma_y
2026-04-10 14:01:23 | INFO | -----------------------------------------------------------------------------------------------
2026-04-10 14:01:36 | INFO | 000 |  -1.386103e+00 |   3.732372e-02 |  -9.894261e-02 |    4.529e+00 |    5.409e+02 |    1.468e-01
2026-04-10 14:01:47 | INFO | 001 |  -1.489810e+00 |   1.870200e-01 |  -9.894261e-02 |    4.529e+00 |    5.409e+02 |    1.468e-01
2026-04-10 14:01:58 | INFO | 002 |   1.045951e+00 |   6.323886e-02 |  -9.894261e-02 |    4.529e+00 |    5.409e+02 |    1.468e-01
2026-04-10 14:02:00 | INFO | 003 |   1.439088e+00 |   1.196247e-01 |  -9.894261e-02 |    4.529e+00 |    5.409e+02 |    1.468e-01
2026-04-10 14:02:08 | INFO | 004 |   1.110056e+00 |  -8.188615e-02 |  -9.894261e-02 |    4.529e+00 |    5.409e+02 |    1.468e-01
2026-04-10 14:02:17 | INFO | 005 |   1.085877e+00 |   3.682979e-02 |  -9.894261e-02 |    4.529e+00 |    5.409e+02 |    1.468e-01
2026-04-10 14:02:24 | INFO | 006 |   8.053689e-01 |  -1.332868e-02 |  -9.894261e-02 |    4.529e+00 |    5.409e+02 |    1.468e-01
2026-04-10 14:02:33 | INFO | 007 |   8.532743e-01 |   8.395865e-03 |  -9.894261e-02 |    4.529e+00 |    5.409e+02 |    1.468e-01
2026-04-10 14:02:35 | INFO | 008 |   1.175879e+00 |   7.317794e-02 |  -9.894261e-02 |    4.529e+00 |    5.409e+02 |    1.468e-01
2026-04-10 14:02:37 | INFO | 009 |  -1.382233e+00 |   2.214495e-01 |  -9.894261e-02 |    4.529e+00 |    5.409e+02 |    1.468e-01
2026-04-10 14:02:45 | INFO | 010 |  -1.173889e+00 |  -9.708965e-02 |  -9.894261e-02 |    4.590e+00 |    5.617e+02 |    1.047e-01
2026-04-10 14:02:52 | INFO | 011 |  -1.198279e+00 |  -3.347703e-02 |  -9.894261e-02 |    4.590e+00 |    5.617e+02 |    1.047e-01
2026-04-10 14:03:01 | INFO | 012 |  -1.220211e+00 |   1.511751e-01 |  -9.894261e-02 |    4.590e+00 |    5.617e+02 |    1.047e-01
2026-04-10 14:03:11 | INFO | 013 |   8.409157e-01 |   4.098952e-02 |  -9.894261e-02 |    4.590e+00 |    5.617e+02 |    1.047e-01
2026-04-10 14:03:20 | INFO | 014 |   1.222661e+00 |   1.629866e-01 |  -9.894261e-02 |    4.590e+00 |    5.617e+02 |    1.047e-01
2026-04-10 14:03:29 | INFO | 015 |  -8.539828e-01 |   1.227477e-01 |  -9.894261e-02 |    4.590e+00 |    5.617e+02 |    1.047e-01
2026-04-10 14:03:39 | INFO | 016 |   1.439265e+00 |   2.785842e-02 |  -9.894261e-02 |    4.590e+00 |    5.617e+02 |    1.047e-01
2026-04-10 14:03:48 | INFO | 017 |   7.735194e-01 |   5.557510e-02 |  -9.894261e-02 |    4.590e+00 |    5.617e+02 |    1.047e-01
2026-04-10 14:03:56 | INFO | 018 |  -1.193841e+00 |   2.571968e-01 |  -9.894261e-02 |    4.590e+00 |    5.617e+02 |    1.047e-01
2026-04-10 14:04:05 | INFO | 019 |   7.954500e-01 |  -3.878884e-02 |  -9.894261e-02 |    4.590e+00 |    5.617e+02 |    1.047e-01
